Component: ARM Compiler 5.05 update 1 (build 106) Tool: armlink [4d0efa]

==============================================================================

Section Cross References

    startup_stm32g030xx.o(STACK) refers (Special) to heapauxi.o(.text) for __use_two_region_memory
    startup_stm32g030xx.o(HEAP) refers (Special) to heapauxi.o(.text) for __use_two_region_memory
    startup_stm32g030xx.o(RESET) refers (Special) to heapauxi.o(.text) for __use_two_region_memory
    startup_stm32g030xx.o(RESET) refers to startup_stm32g030xx.o(STACK) for __initial_sp
    startup_stm32g030xx.o(RESET) refers to startup_stm32g030xx.o(.text) for Reset_Handler
    startup_stm32g030xx.o(RESET) refers to stm32g0xx_it.o(i.NMI_Handler) for NMI_Handler
    startup_stm32g030xx.o(RESET) refers to stm32g0xx_it.o(i.HardFault_Handler) for HardFault_Handler
    startup_stm32g030xx.o(RESET) refers to stm32g0xx_it.o(i.SVC_Handler) for SVC_Handler
    startup_stm32g030xx.o(RESET) refers to stm32g0xx_it.o(i.PendSV_Handler) for PendSV_Handler
    startup_stm32g030xx.o(RESET) refers to task.o(RAMCODE) for SysTick_Handler
    startup_stm32g030xx.o(RESET) refers to stm32g0xx_it.o(i.DMA1_Channel1_IRQHandler) for DMA1_Channel1_IRQHandler
    startup_stm32g030xx.o(RESET) refers to stm32g0xx_it.o(i.TIM3_IRQHandler) for TIM3_IRQHandler
    startup_stm32g030xx.o(.text) refers (Special) to heapauxi.o(.text) for __use_two_region_memory
    startup_stm32g030xx.o(.text) refers to system_stm32g0xx.o(i.SystemInit) for SystemInit
    startup_stm32g030xx.o(.text) refers to __main.o(!!!main) for __main
    startup_stm32g030xx.o(.text) refers to startup_stm32g030xx.o(HEAP) for Heap_Mem
    startup_stm32g030xx.o(.text) refers to startup_stm32g030xx.o(STACK) for Stack_Mem
    armlib_lock_glue.o(i.__armlib_thread_safety_init) refers to armlib_lock_glue.o(i.stm32_lock_acquire) for stm32_lock_acquire
    armlib_lock_glue.o(i.__armlib_thread_safety_init) refers to armlib_lock_glue.o(i.stm32_lock_release) for stm32_lock_release
    armlib_lock_glue.o(i.__armlib_thread_safety_init) refers to armlib_lock_glue.o(.data) for static_list_lock
    armlib_lock_glue.o(i.__armlib_thread_safety_init) refers to armlib_lock_glue.o(.bss) for static_lock
    armlib_lock_glue.o(i._mutex_acquire) refers to main.o(i.Error_Handler) for Error_Handler
    armlib_lock_glue.o(i._mutex_acquire) refers to armlib_lock_glue.o(i.stm32_lock_acquire) for stm32_lock_acquire
    armlib_lock_glue.o(i._mutex_acquire) refers to armlib_lock_glue.o(i.stm32_lock_release) for stm32_lock_release
    armlib_lock_glue.o(i._mutex_acquire) refers to armlib_lock_glue.o(.data) for static_list_lock
    armlib_lock_glue.o(i._mutex_free) refers to main.o(i.Error_Handler) for Error_Handler
    armlib_lock_glue.o(i._mutex_free) refers to armlib_lock_glue.o(i.stm32_lock_acquire) for stm32_lock_acquire
    armlib_lock_glue.o(i._mutex_free) refers to armlib_lock_glue.o(i.stm32_lock_release) for stm32_lock_release
    armlib_lock_glue.o(i._mutex_free) refers to armlib_lock_glue.o(.data) for static_list_lock
    armlib_lock_glue.o(i._mutex_initialize) refers to armlib_lock_glue.o(i.stm32_lock_acquire) for stm32_lock_acquire
    armlib_lock_glue.o(i._mutex_initialize) refers to main.o(i.Error_Handler) for Error_Handler
    armlib_lock_glue.o(i._mutex_initialize) refers to armlib_lock_glue.o(i.stm32_lock_release) for stm32_lock_release
    armlib_lock_glue.o(i._mutex_initialize) refers to armlib_lock_glue.o(.data) for static_list_lock
    armlib_lock_glue.o(i._mutex_initialize) refers to armlib_lock_glue.o(.bss) for static_lock
    armlib_lock_glue.o(i._mutex_release) refers to main.o(i.Error_Handler) for Error_Handler
    armlib_lock_glue.o(i._mutex_release) refers to armlib_lock_glue.o(i.stm32_lock_acquire) for stm32_lock_acquire
    armlib_lock_glue.o(i._mutex_release) refers to armlib_lock_glue.o(i.stm32_lock_release) for stm32_lock_release
    armlib_lock_glue.o(i._mutex_release) refers to armlib_lock_glue.o(.data) for static_list_lock
    armlib_lock_glue.o(i.stm32_lock_acquire) refers to main.o(i.Error_Handler) for Error_Handler
    armlib_lock_glue.o(i.stm32_lock_release) refers to main.o(i.Error_Handler) for Error_Handler
    armlib_lock_glue.o(.init_array) refers to armlib_lock_glue.o(i.__armlib_thread_safety_init) for __armlib_thread_safety_init
    armlib_lock_glue.o(.init_array) refers to init_aeabi.o(.text) for __cpp_initialize__aeabi_
    main.o(i.HAL_ADC_ConvCpltCallback) refers to main.o(.data) for ubDmaTransferStatus
    main.o(i.HAL_TIM_PeriodElapsedCallback) refers to main.o(.data) for m
    main.o(i.HAL_TIM_PeriodElapsedCallback) refers to ctrl.o(.data) for sound_feed_on
    main.o(i.HAL_TIM_PeriodElapsedCallback) refers to warnctrl.o(.data) for anjian_flag
    main.o(i.InitIED) refers to eeprom.o(i.EEReadStruct) for EEReadStruct
    main.o(i.InitIED) refers to eeprom.o(i.EEWriteStruct) for EEWriteStruct
    main.o(i.InitIED) refers to ctrl.o(.bss) for IED
[...]
    i.MotorMid                               0x00005808   Section        0  ctrl.o(i.MotorMid)
    i.MotorUp                                0x00005820   Section        0  ctrl.o(i.MotorUp)
    i.MovMotor                               0x00005838   Section        0  ctrl.o(i.MovMotor)
    i.MuteError                              0x00005a58   Section        0  ctrl.o(i.MuteError)
    i.MuteRun                                0x00005a68   Section        0  warnctrl.o(i.MuteRun)
    i.MuteWarning                            0x00005a74   Section        0  warnctrl.o(i.MuteWarning)
    i.NMI_Handler                            0x00005a84   Section        0  stm32g0xx_it.o(i.NMI_Handler)
    i.PendSV_Handler                         0x00005a88   Section        0  stm32g0xx_it.o(i.PendSV_Handler)
    i.ResumeCheckSensor                      0x00005a8a   Section        0  ctrl.o(i.ResumeCheckSensor)
    i.ResumeMotorRun                         0x00005a9c   Section        0  dc2ac.o(i.ResumeMotorRun)
    i.STMFLASH_Read                          0x00005abc   Section        0  eeprom.o(i.STMFLASH_Read)
    i.STMFLASH_ReadWord                      0x00005adc   Section        0  eeprom.o(i.STMFLASH_ReadWord)
    i.STMFLASH_Write                         0x00005ae4   Section        0  eeprom.o(i.STMFLASH_Write)
    i.SVC_Handler                            0x00005ba4   Section        0  stm32g0xx_it.o(i.SVC_Handler)
    i.SaveLifeCtrl                           0x00005ba8   Section        0  warnctrl.o(i.SaveLifeCtrl)
    i.SelfTest                               0x00005bdc   Section        0  ctrl.o(i.SelfTest)
    i.SetLock                                0x00005c10   Section        0  ctrl.o(i.SetLock)
    i.SetMidWait                             0x00005c68   Section        0  warnctrl.o(i.SetMidWait)
    i.SetTaskLastTime                        0x00005c7c   Section        0  task.o(i.SetTaskLastTime)
    i.StartCheckBrake                        0x00005cac   Section        0  dc2ac.o(i.StartCheckBrake)
    i.StartTimer                             0x00005ce4   Section        0  task.o(i.StartTimer)
    i.StartTimer2                            0x00005d40   Section        0  task.o(i.StartTimer2)
    i.StartWarning                           0x00005d74   Section        0  ctrl.o(i.StartWarning)
    i.StopDC2ACConvert                       0x00005d8c   Section        0  dc2ac.o(i.StopDC2ACConvert)
    i.StopInvert                             0x00005da8   Section        0  dc2ac.o(i.StopInvert)
    i.StopMotor                              0x00005dbc   Section        0  ctrl.o(i.StopMotor)
    i.StopTimer                              0x00005e3c   Section        0  task.o(i.StopTimer)
    i.StopWarning                            0x00005e70   Section        0  ctrl.o(i.StopWarning)
    i.SuspendTask                            0x00005e8c   Section        0  task.o(i.SuspendTask)
    i.SystemClock_Config                     0x00005ebc   Section        0  main.o(i.SystemClock_Config)
    i.SystemInit                             0x00005f58   Section        0  system_stm32g0xx.o(i.SystemInit)
    i.TIM3_IRQHandler                        0x00005f5c   Section        0  stm32g0xx_it.o(i.TIM3_IRQHandler)
    i.TIM_Base_SetConfig                     0x00005f6c   Section        0  stm32g0xx_hal_tim.o(i.TIM_Base_SetConfig)
    i.TIM_ETR_SetConfig                      0x00005ffc   Section        0  stm32g0xx_hal_tim.o(i.TIM_ETR_SetConfig)
    i.TIM_ITRx_SetConfig                     0x00006018   Section        0  stm32g0xx_hal_tim.o(i.TIM_ITRx_SetConfig)
    TIM_ITRx_SetConfig                       0x00006019   Thumb Code    18  stm32g0xx_hal_tim.o(i.TIM_ITRx_SetConfig)
    i.TIM_TI1_ConfigInputStage               0x00006030   Section        0  stm32g0xx_hal_tim.o(i.TIM_TI1_ConfigInputStage)
    TIM_TI1_ConfigInputStage                 0x00006031   Thumb Code    50  stm32g0xx_hal_tim.o(i.TIM_TI1_ConfigInputStage)
    i.TIM_TI2_ConfigInputStage               0x00006062   Section        0  stm32g0xx_hal_tim.o(i.TIM_TI2_ConfigInputStage)
    TIM_TI2_ConfigInputStage                 0x00006063   Thumb Code    50  stm32g0xx_hal_tim.o(i.TIM_TI2_ConfigInputStage)
    i.TaskBlinLed                            0x00006094   Section        0  task.o(i.TaskBlinLed)
    i.TaskChargeBat                          0x000060ec   Section        0  dc2ac.o(i.TaskChargeBat)
    i.TaskCheckBrakeCoil                     0x0000618c   Section        0  dc2ac.o(i.TaskCheckBrakeCoil)
    i.TaskCheckHeatErr                       0x00006190   Section        0  ctrl.o(i.TaskCheckHeatErr)
    i.TaskCheckSensor                        0x00006208   Section        0  dc2ac.o(i.TaskCheckSensor)
    i.TaskCommand                            0x000064cc   Section        0  dc2ac.o(i.TaskCommand)
    i.TaskProc                               0x00006540   Section        0  task.o(i.TaskProc)
    i.TaskScanKey                            0x00006624   Section        0  key.o(i.TaskScanKey)
    i.TaskSelfTestLED                        0x000068ec   Section        0  ctrl.o(i.TaskSelfTestLED)
    i.TaskStateCheck                         0x00006950   Section        0  ctrl.o(i.TaskStateCheck)
    i.TaskStopMotor                          0x00006b58   Section        0  ctrl.o(i.TaskStopMotor)
    i.TaskTimer                              0x00006cd4   Section        0  task.o(i.TaskTimer)
    i.TaskWarn                               0x00006d48   Section        0  ctrl.o(i.TaskWarn)
    i.Task_Anjian_Check                      0x00006da4   Section        0  task.o(i.Task_Anjian_Check)
    i.Task_Power_Check                       0x00006e80   Section        0  dc2ac.o(i.Task_Power_Check)
    i.Task_WDT                               0x00006ee0   Section        0  ctrl.o(i.Task_WDT)
    i.WriteALLLED                            0x00006ef0   Section        0  ctrl.o(i.WriteALLLED)
    i.WriteLEDInfo                           0x00006ef2   Section        0  ctrl.o(i.WriteLEDInfo)
    i.__ARM_common_switch8                   0x00006ef4   Section        0  task.o(i.__ARM_common_switch8)
    i.__NVIC_SetPriority                     0x00006f10   Section        0  stm32g0xx_hal_cortex.o(i.__NVIC_SetPriority)
    __NVIC_SetPriority                       0x00006f11   Thumb Code   110  stm32g0xx_hal_cortex.o(i.__NVIC_SetPriority)
    i.__armlib_thread_safety_init            0x00006f88   Section        0  armlib_lock_glue.o(i.__armlib_thread_safety_init)
    i._mutex_acquire                         0x00006fb4   Section        0  armlib_lock_glue.o(i._mutex_acquire)
    __tagsym$$used                           0x00006fb5   Number         0  armlib_lock_glue.o(i._mutex_acquire)
    i._mutex_free                            0x00006ff4   Section        0  armlib_lock_glue.o(i._mutex_free)
    __tagsym$$used                           0x00006ff5   Number         0  armlib_lock_glue.o(i._mutex_free)
    i._mutex_initialize                      0x00007034   Section        0  armlib_lock_glue.o(i._mutex_initialize)
    __tagsym$$used                           0x00007035   Number         0  armlib_lock_glue.o(i._mutex_initialize)
    i._mutex_release                         0x000070a4   Section        0  armlib_lock_glue.o(i._mutex_release)
    __tagsym$$used                           0x000070a5   Number         0  armlib_lock_glue.o(i._mutex_release)
    i.checkUserMode                          0x000070e4   Section        0  ctrl.o(i.checkUserMode)
    i.idle                                   0x00007100   Section        0  task.o(i.idle)
    i.jiance_vol_set                         0x00007104   Section        0  ctrl.o(i.jiance_vol_set)
    i.main                                   0x00007124   Section        0  main.o(i.main)
    i.run_vol_set                            0x00007250   Section        0  ctrl.o(i.run_vol_set)
    i.send_data                              0x00007278   Section        0  task.o(i.send_data)
    i.setDIR                                 0x000072f4   Section        0  ctrl.o(i.setDIR)
    i.stm32_lock_acquire                     0x00007368   Section        0  armlib_lock_glue.o(i.stm32_lock_acquire)
    stm32_lock_acquire                       0x00007369   Thumb Code    96  armlib_lock_glue.o(i.stm32_lock_acquire)
    i.stm32_lock_release                     0x000073c8   Section        0  armlib_lock_glue.o(i.stm32_lock_release)
    stm32_lock_release                       0x000073c9   Thumb Code    56  armlib_lock_glue.o(i.stm32_lock_release)
    x$fpl$dleqf                              0x00007400   Section      100  dlef.o(x$fpl$dleqf)
    x$fpl$drleqf                             0x00007464   Section      104  drlef.o(x$fpl$drleqf)
    x$fpl$fleqf                              0x000074cc   Section       84  flef.o(x$fpl$fleqf)
    x$fpl$fmul                               0x00007520   Section      176  fmul.o(x$fpl$fmul)
    .constdata                               0x000075d0   Section       64  dc2ac.o(.constdata)
    x$fpl$usenofp                            0x000075d0   Section        0  usenofp.o(x$fpl$usenofp)
    CHANNEL_OFFSET_TAB                       0x000075d0   Data           5  dc2ac.o(.constdata)
    .constdata                               0x00007610   Section      104  system_stm32g0xx.o(.constdata)
    CHANNEL_OFFSET_TAB                       0x00007610   Data           5  system_stm32g0xx.o(.constdata)
    .constdata                               0x00007678   Section      128  ddiv.o(.constdata)
    ddiv_reciptbl                            0x00007678   Data         128  ddiv.o(.constdata)
    .constdata                               0x000076f8   Section       64  fdiv.o(.constdata)
    fdiv_tab                                 0x000076f8   Data          64  fdiv.o(.constdata)
    .init_array                              0x00007758   Section        4  armlib_lock_glue.o(.init_array)
    .init_array                              0x0000775c   Section        0  init_aeabi.o(.init_array)
    .data                                    0x20000000   Section        2  armlib_lock_glue.o(.data)
    static_list_lock                         0x20000000   Data           2  armlib_lock_glue.o(.data)
    .data                                    0x20000004   Section       14  main.o(.data)
    .data                                    0x20000014   Section      319  task.o(.data)
    count                                    0x20000152   Data           1  task.o(.data)
    .data                                    0x20000154   Section      120  ctrl.o(.data)
    willLock                                 0x200001c8   Data           4  ctrl.o(.data)
    .data                                    0x200001cc   Section        4  key.o(.data)
    .data                                    0x200001d0   Section        6  warnctrl.o(.data)
    .data                                    0x200001d8   Section       18  dc2ac.o(.data)
    .data                                    0x200001ec   Section        9  stm32g0xx_hal.o(.data)
    .data                                    0x200001f8   Section        4  system_stm32g0xx.o(.data)
    .bss                                     0x200001fc   Section       24  armlib_lock_glue.o(.bss)
    static_lock                              0x200001fc   Data          24  armlib_lock_glue.o(.bss)
    .bss                                     0x20000214   Section       92  main.o(.bss)
    .bss                                     0x20000270   Section      220  adc.o(.bss)
    .bss                                     0x2000034c   Section       16  iwdg.o(.bss)
    .bss                                     0x2000035c   Section      192  task.o(.bss)
    .bss                                     0x2000041c   Section      160  ctrl.o(.bss)
    .bss                                     0x200004bc   Section       48  key.o(.bss)
    .bss                                     0x200004f0   Section       56  dc2ac.o(.bss)
    .bss                                     0x20000528   Section       28  stm32g0xx_hal_flash.o(.bss)
    .bss                                     0x20000544   Section       96  libspace.o(.bss)
    HEAP                                     0x200005a8   Section      512  startup_stm32g030xx.o(HEAP)
    Heap_Mem                                 0x200005a8   Data         512  startup_stm32g030xx.o(HEAP)
    STACK                                    0x200007a8   Section     1024  startup_stm32g030xx.o(STACK)
    Stack_Mem                                0x200007a8   Data        1024  startup_stm32g030xx.o(STACK)
    __initial_sp                             0x20000ba8   Data           0  startup_stm32g030xx.o(STACK)

    Global Symbols

    Symbol Name                              Value     Ov Type        Size  Object(Section)

    BuildAttributes$$THM_ISAv3M$S$PE$A:L22$X:L11$S22$IEEE1$IW$USESV6$~STKCKD$USESV7$~SHL$OSPACE$ROPI$EBA8$UX$STANDARDLIB$REQ8$PRES8$EABIv2 0x00000000   Number         0  anon$$obj.o ABSOLUTE
    __ARM_use_no_argv                        0x00000000   Number         0  main.o ABSOLUTE
    __Vectors                                0x00000000   Data           4  startup_stm32g030xx.o(RESET)
    __ARM_exceptions_init                     - Undefined Weak Reference
    __alloca_initialize                       - Undefined Weak Reference
    __arm_preinit_                            - Undefined Weak Reference
    __cxa_finalize                            - Undefined Weak Reference
    __rt_locale                               - Undefined Weak Reference
    __sigvec_lookup                           - Undefined Weak Reference
    _atexit_init                              - Undefined Weak Reference
    _call_atexit_fns                          - Undefined Weak Reference
    _clock_init                               - Undefined Weak Reference
    _fp_trap_init                             - Undefined Weak Reference
    _fp_trap_shutdown                         - Undefined Weak Reference
    _get_lc_collate                           - Undefined Weak Reference
    _get_lc_ctype                             - Undefined Weak Reference
    _get_lc_monetary                          - Undefined Weak Reference
    _get_lc_numeric                           - Undefined Weak Reference
    _get_lc_time                              - Undefined Weak Reference
    _getenv_init                              - Undefined Weak Reference
    _handle_redirection                       - Undefined Weak Reference
    _init_alloc                               - Undefined Weak Reference
    _init_user_alloc                          - Undefined Weak Reference
    _initio                                   - Undefined Weak Reference
    _rand_init                                - Undefined Weak Reference
    _signal_finish                            - Undefined Weak Reference
    _signal_init                              - Undefined Weak Reference
    _terminate_alloc                          - Undefined Weak Reference
    _terminate_user_alloc                     - Undefined Weak Reference
    _terminateio                              - Undefined Weak Reference
    __Vectors_End                            0x000000c0   Data           0  startup_stm32g030xx.o(RESET)
    __Vectors_Size                           0x000000c0   Number         0  startup_stm32g030xx.o ABSOLUTE
    __main                                   0x000000c1   Thumb Code     8  __main.o(!!!main)
    __scatterload                            0x000000c9   Thumb Code     0  __scatter.o(!!!scatter)
    __scatterload_rt2                        0x000000c9   Thumb Code    52  __scatter.o(!!!scatter)
    __scatterload_rt2_thumb_only             0x000000c9   Thumb Code     0  __scatter.o(!!!scatter)
    __scatterload_null                       0x000000d9   Thumb Code     0  __scatter.o(!!!scatter)
    __scatterload_zeroinit                   0x00000105   Thumb Code    28  __scatter_zi.o(!!handler_zi)
    __rt_lib_init                            0x00000121   Thumb Code     0  libinit.o(.ARM.Collect$$libinit$$00000000)
    __rt_lib_init_alloca_1                   0x00000123   Thumb Code     0  libinit2.o(.ARM.Collect$$libinit$$0000002E)
    __rt_lib_init_argv_1                     0x00000123   Thumb Code     0  libinit2.o(.ARM.Collect$$libinit$$0000002C)
    __rt_lib_init_atexit_1                   0x00000123   Thumb Code     0  libinit2.o(.ARM.Collect$$libinit$$0000001B)
    __rt_lib_init_clock_1                    0x00000123   Thumb Code     0  libinit2.o(.ARM.Collect$$libinit$$00000021)
    __rt_lib_init_cpp_2                      0x00000123   Thumb Code     0  libinit2.o(.ARM.Collect$$libinit$$00000031)
    __rt_lib_init_exceptions_1               0x00000123   Thumb Code     0  libinit2.o(.ARM.Collect$$libinit$$00000030)
    __rt_lib_init_fp_1                       0x00000123   Thumb Code     0  libinit2.o(.ARM.Collect$$libinit$$00000002)
    __rt_lib_init_fp_trap_1                  0x00000123   Thumb Code     0  libinit2.o(.ARM.Collect$$libinit$$0000001F)
    __rt_lib_init_getenv_1                   0x00000123   Thumb Code     0  libinit2.o(.ARM.Collect$$libinit$$00000023)
    __rt_lib_init_heap_1                     0x00000123   Thumb Code     0  libinit2.o(.ARM.Collect$$libinit$$0000000A)
    __rt_lib_init_lc_collate_1               0x00000123   Thumb Code     0  libinit2.o(.ARM.Collect$$libinit$$00000011)
    __rt_lib_init_lc_ctype_1                 0x00000123   Thumb Code     0  libinit2.o(.ARM.Collect$$libinit$$00000013)
    __rt_lib_init_lc_monetary_1              0x00000123   Thumb Code     0  libinit2.o(.ARM.Collect$$libinit$$00000015)
    __rt_lib_init_lc_numeric_1               0x00000123   Thumb Code     0  libinit2.o(.ARM.Collect$$libinit$$00000017)
    __rt_lib_init_lc_time_1                  0x00000123   Thumb Code     0  libinit2.o(.ARM.Collect$$libinit$$00000019)
    __rt_lib_init_preinit_1                  0x00000123   Thumb Code     0  libinit2.o(.ARM.Collect$$libinit$$00000004)
    __rt_lib_init_rand_1                     0x00000123   Thumb Code     0  libinit2.o(.ARM.Collect$$libinit$$0000000E)
    __rt_lib_init_signal_1                   0x00000123   Thumb Code     0  libinit2.o(.ARM.Collect$$libinit$$0000001D)
    __rt_lib_init_stdio_1                    0x00000123   Thumb Code     0  libinit2.o(.ARM.Collect$$libinit$$00000025)
    __rt_lib_init_user_alloc_1               0x00000123   Thumb Code     0  libinit2.o(.ARM.Collect$$libinit$$0000000C)
    __rt_lib_init_cpp_1                      0x00000127   Thumb Code     0  libinit2.o(.ARM.Collect$$libinit$$00000032)
    __rt_lib_init_return                     0x00000127   Thumb Code     0  libinit2.o(.ARM.Collect$$libinit$$00000033)
    __rt_lib_shutdown                        0x00000129   Thumb Code     0  libshutdown.o(.ARM.Collect$$libshutdown$$00000000)
    __rt_lib_shutdown_fp_trap_1              0x0000012b   Thumb Code     0  libshutdown2.o(.ARM.Collect$$libshutdown$$00000006)
    __rt_lib_shutdown_heap_1                 0x0000012b   Thumb Code     0  libshutdown2.o(.ARM.Collect$$libshutdown$$0000000E)
    __rt_lib_shutdown_return                 0x0000012b   Thumb Code     0  libshutdown2.o(.ARM.Collect$$libshutdown$$0000000F)
    __rt_lib_shutdown_signal_1               0x0000012b   Thumb Code     0  libshutdown2.o(.ARM.Collect$$libshutdown$$00000009)
    __rt_lib_shutdown_stdio_1                0x0000012b   Thumb Code     0  libshutdown2.o(.ARM.Collect$$libshutdown$$00000003)
    __rt_lib_shutdown_user_alloc_1           0x0000012b   Thumb Code     0  libshutdown2.o(.ARM.Collect$$libshutdown$$0000000B)
    __rt_entry                               0x0000012d   Thumb Code     0  __rtentry.o(.ARM.Collect$$rtentry$$00000000)
    __rt_entry_presh_1                       0x0000012d   Thumb Code     0  __rtentry2.o(.ARM.Collect$$rtentry$$00000002)
    __rt_entry_sh                            0x0000012d   Thumb Code     0  __rtentry4.o(.ARM.Collect$$rtentry$$00000004)
    __rt_entry_li                            0x00000133   Thumb Code     0  __rtentry2.o(.ARM.Collect$$rtentry$$0000000A)
    __rt_entry_postsh_1                      0x00000133   Thumb Code     0  __rtentry2.o(.ARM.Collect$$rtentry$$00000009)
    __rt_entry_main                          0x00000137   Thumb Code     0  __rtentry2.o(.ARM.Collect$$rtentry$$0000000D)
    __rt_entry_postli_1                      0x00000137   Thumb Code     0  __rtentry2.o(.ARM.Collect$$rtentry$$0000000C)
    __rt_exit                                0x0000013f   Thumb Code     0  rtexit.o(.ARM.Collect$$rtexit$$00000000)
    __rt_exit_ls                             0x00000141   Thumb Code     0  rtexit2.o(.ARM.Collect$$rtexit$$00000003)
    __rt_exit_prels_1                        0x00000141   Thumb Code     0  rtexit2.o(.ARM.Collect$$rtexit$$00000002)
    __rt_exit_exit                           0x00000145   Thumb Code     0  rtexit2.o(.ARM.Collect$$rtexit$$00000004)
    __aeabi_memcpy4                          0x0000014d   Thumb Code    56  rt_memcpy.o(.emb_text)
    __aeabi_memcpy8                          0x0000014d   Thumb Code     0  rt_memcpy.o(.emb_text)
    Reset_Handler                            0x00000185   Thumb Code     8  startup_stm32g030xx.o(.text)
    ADC1_IRQHandler                          0x00000197   Thumb Code     0  startup_stm32g030xx.o(.text)
    DMA1_Ch4_5_DMAMUX1_OVR_IRQHandler        0x00000197   Thumb Code     0  startup_stm32g030xx.o(.text)
    DMA1_Channel2_3_IRQHandler               0x00000197   Thumb Code     0  startup_stm32g030xx.o(.text)
    EXTI0_1_IRQHandler                       0x00000197   Thumb Code     0  startup_stm32g030xx.o(.text)
    EXTI2_3_IRQHandler                       0x00000197   Thumb Code     0  startup_stm32g030xx.o(.text)
    EXTI4_15_IRQHandler                      0x00000197   Thumb Code     0  startup_stm32g030xx.o(.text)
    FLASH_IRQHandler                         0x00000197   Thumb Code     0  startup_stm32g030xx.o(.text)
    I2C1_IRQHandler                          0x00000197   Thumb Code     0  startup_stm32g030xx.o(.text)
    I2C2_IRQHandler                          0x00000197   Thumb Code     0  startup_stm32g030xx.o(.text)
    RCC_IRQHandler                           0x00000197   Thumb Code     0  startup_stm32g030xx.o(.text)
    RTC_TAMP_IRQHandler                      0x00000197   Thumb Code     0  startup_stm32g030xx.o(.text)
    SPI1_IRQHandler                          0x00000197   Thumb Code     0  startup_stm32g030xx.o(.text)
    SPI2_IRQHandler                          0x00000197   Thumb Code     0  startup_stm32g030xx.o(.text)
    TIM14_IRQHandler                         0x00000197   Thumb Code     0  startup_stm32g030xx.o(.text)
    TIM16_IRQHandler                         0x00000197   Thumb Code     0  startup_stm32g030xx.o(.text)
    TIM17_IRQHandler                         0x00000197   Thumb Code     0  startup_stm32g030xx.o(.text)
    TIM1_BRK_UP_TRG_COM_IRQHandler           0x00000197   Thumb Code     0  startup_stm32g030xx.o(.text)
    TIM1_CC_IRQHandler                       0x00000197   Thumb Code     0  startup_stm32g030xx.o(.text)
    USART1_IRQHandler                        0x00000197   Thumb Code     0  startup_stm32g030xx.o(.text)
    USART2_IRQHandler                        0x00000197   Thumb Code     0  startup_stm32g030xx.o(.text)
    WWDG_IRQHandler                          0x00000197   Thumb Code     0  startup_stm32g030xx.o(.text)
    __user_initial_stackheap                 0x00000199   Thumb Code     0  startup_stm32g030xx.o(.text)
    _memset_w                                0x000001bd   Thumb Code    26  rt_memclr.o(.text)
    _memset                                  0x000001d7   Thumb Code    30  rt_memclr.o(.text)
    __aeabi_memclr                           0x000001f5   Thumb Code     4  rt_memclr.o(.text)
    __rt_memclr                              0x000001f5   Thumb Code     0  rt_memclr.o(.text)
    __aeabi_memclr4                          0x000001f9   Thumb Code     0  rt_memclr.o(.text)
    __aeabi_memclr8                          0x000001f9   Thumb Code     0  rt_memclr.o(.text)
    __rt_memclr_w                            0x000001f9   Thumb Code     4  rt_memclr.o(.text)
    __aeabi_uidiv                            0x000001fd   Thumb Code     0  aeabi_sdiv.o(.text)
    __aeabi_uidivmod                         0x000001fd   Thumb Code    20  aeabi_sdiv.o(.text)
    __aeabi_idiv                             0x00000211   Thumb Code     0  aeabi_sdiv.o(.text)
    __aeabi_idivmod                          0x00000211   Thumb Code   326  aeabi_sdiv.o(.text)
    __use_two_region_memory                  0x00000357   Thumb Code     2  heapauxi.o(.text)
    __rt_heap_escrow$2region                 0x00000359   Thumb Code     2  heapauxi.o(.text)
    __rt_heap_expand$2region                 0x0000035b   Thumb Code     2  heapauxi.o(.text)
    __cpp_initialize__aeabi_                 0x0000035d   Thumb Code    26  init_aeabi.o(.text)
    __aeabi_dadd                             0x00000679   Thumb Code     0  daddsub.o(.text)
    _dadd                                    0x00000679   Thumb Code    26  daddsub.o(.text)
    __aeabi_dsub                             0x00000693   Thumb Code     0  daddsub.o(.text)
    _dsub                                    0x00000693   Thumb Code    22  daddsub.o(.text)
    __aeabi_drsub                            0x000006a9   Thumb Code     0  daddsub.o(.text)
    _drsb                                    0x000006a9   Thumb Code    28  daddsub.o(.text)
    __aeabi_ddiv                             0x000006d9   Thumb Code     0  ddiv.o(.text)
    _ddiv                                    0x000006d9   Thumb Code  1072  ddiv.o(.text)
    _drdiv                                   0x00000b09   Thumb Code    20  ddiv.o(.text)
    __aeabi_d2iz                             0x00000b21   Thumb Code     0  dfixi.o(.text)
    _dfix                                    0x00000b21   Thumb Code    98  dfixi.o(.text)
    __aeabi_i2d_normalise                    0x00000b8d   Thumb Code    66  dflti.o(.text)
    __aeabi_i2d                              0x00000bcf   Thumb Code    16  dflti.o(.text)
    _dflt                                    0x00000bcf   Thumb Code     0  dflti.o(.text)
    __aeabi_ui2d                             0x00000bdf   Thumb Code     6  dflti.o(.text)
    _dfltu                                   0x00000bdf   Thumb Code     0  dflti.o(.text)
    __aeabi_dmul                             0x00000be5   Thumb Code     0  dmul.o(.text)
    _dmul                                    0x00000be5   Thumb Code   558  dmul.o(.text)
    __aeabi_fdiv                             0x00000e2d   Thumb Code     0  fdiv.o(.text)
    _fdiv                                    0x00000e2d   Thumb Code   334  fdiv.o(.text)
    _frdiv                                   0x00000f7b   Thumb Code     8  fdiv.o(.text)
    __aeabi_i2f_normalise                    0x00000f8d   Thumb Code    72  fflti.o(.text)
    __aeabi_i2f                              0x00000fd5   Thumb Code    16  fflti.o(.text)
    _fflt                                    0x00000fd5   Thumb Code     0  fflti.o(.text)
    __aeabi_ui2f                             0x00000fe5   Thumb Code     6  fflti.o(.text)
    _ffltu                                   0x00000fe5   Thumb Code     0  fflti.o(.text)
    __fpl_dcmp_InfNaN                        0x00000fed   Thumb Code   140  dcmpin.o(.text)
    __fpl_fcmp_InfNaN                        0x0000107d   Thumb Code    96  fcmpin.o(.text)
    __fpl_cmpreturn                          0x000010e1   Thumb Code    44  cmpret.o(.text)
    __fpl_dcheck_NaN2                        0x00001111   Thumb Code    14  dnan2.o(.text)
    __fpl_fcheck_NaN2                        0x00001125   Thumb Code    10  fnan2.o(.text)
    __user_setup_stackheap                   0x00001135   Thumb Code    62  sys_stackheap_outer.o(.text)
    exit                                     0x00001173   Thumb Code    12  exit.o(.text)
    __fpl_return_NaN                         0x0000117f   Thumb Code    94  retnan.o(.text)
    __user_libspace                          0x000011dd   Thumb Code     8  libspace.o(.text)
    __user_perproc_libspace                  0x000011dd   Thumb Code     0  libspace.o(.text)
    __user_perthread_libspace                0x000011dd   Thumb Code     0  libspace.o(.text)
    _sys_exit                                0x000011e5   Thumb Code     8  sys_exit.o(.text)
    __I$use$semihosting                      0x000011f1   Thumb Code     0  use_no_semi.o(.text)
    __use_no_semihosting_swi                 0x000011f1   Thumb Code     2  use_no_semi.o(.text)
    __decompress                             0x000011f3   Thumb Code     0  __dczerorl2.o(.text)
    __decompress1                            0x000011f3   Thumb Code    86  __dczerorl2.o(.text)
    __semihosting_library_function           0x000011f3   Thumb Code     0  indicate_semi.o(.text)
    SysTick_Handler                          0x00001249   Thumb Code    42  task.o(RAMCODE)
    DebugCtrl                                0x00001281   Thumb Code   674  ctrl.o(RAMCODE)
    ACHostWarnCtrl                           0x00001559   Thumb Code    28  warnctrl.o(i.ACHostWarnCtrl)
    ACHostWarnMode1                          0x00001579   Thumb Code   720  warnctrl.o(i.ACHostWarnMode1)
    ACHostWarnMode2                          0x00001869   Thumb Code   628  warnctrl.o(i.ACHostWarnMode2)
    ACManualCtrl                             0x00001afd   Thumb Code   354  warnctrl.o(i.ACManualCtrl)
    ACSaveLifeCtrl                           0x00001c75   Thumb Code   300  warnctrl.o(i.ACSaveLifeCtrl)
    ADC1_KeySample                           0x00001dbd   Thumb Code    86  task.o(i.ADC1_KeySample)
    ADC2_KeySample                           0x00001e1d   Thumb Code    86  task.o(i.ADC2_KeySample)
    ADC_Disable                              0x00001f39   Thumb Code   138  stm32g0xx_hal_adc.o(i.ADC_Disable)
    ADC_Enable                               0x00001fc5   Thumb Code   200  stm32g0xx_hal_adc.o(i.ADC_Enable)
    ActiveTask                               0x0000209d   Thumb Code    72  task.o(i.ActiveTask)
    ActiveTaskCheckPhase                     0x000020e9   Thumb Code     2  dc2ac.o(i.ActiveTaskCheckPhase)
    ActiveTaskNow                            0x000020ed   Thumb Code    74  task.o(i.ActiveTaskNow)
    AddCommand                               0x0000213d   Thumb Code    26  dc2ac.o(i.AddCommand)
    CheckCtrlSignal                          0x0000215d   Thumb Code   104  ctrl.o(i.CheckCtrlSignal)
    Cont_Break_Ctrl                          0x000021d9   Thumb Code   226  ctrl.o(i.Cont_Break_Ctrl)
    DMA1_Channel1_IRQHandler                 0x000022e9   Thumb Code    10  stm32g0xx_it.o(i.DMA1_Channel1_IRQHandler)
    DeInitDC2AC                              0x000023a1   Thumb Code     2  dc2ac.o(i.DeInitDC2AC)
    DelayMS                                  0x000023a3   Thumb Code    26  task.o(i.DelayMS)
    DelayMoveMotor                           0x000023bd   Thumb Code    14  warnctrl.o(i.DelayMoveMotor)
    DelayUs                                  0x000023cd   Thumb Code    90  task.o(i.DelayUs)
    EEReadStruct                             0x0000242d   Thumb Code    38  eeprom.o(i.EEReadStruct)
    EEWriteStruct                            0x00002459   Thumb Code    26  eeprom.o(i.EEWriteStruct)
    EnableBattary                            0x00002479   Thumb Code    28  dc2ac.o(i.EnableBattary)
    EnableBrakPower                          0x0000249d   Thumb Code    70  dc2ac.o(i.EnableBrakPower)
    Error_Handler                            0x000024f1   Thumb Code     4  main.o(i.Error_Handler)
    FLASH_PageErase                          0x0000250d   Thumb Code    32  stm32g0xx_hal_flash_ex.o(i.FLASH_PageErase)
    FLASH_WaitForLastOperation               0x000025ad   Thumb Code   104  stm32g0xx_hal_flash.o(i.FLASH_WaitForLastOperation)
    Feed                                     0x00002621   Thumb Code   176  ctrl.o(i.Feed)
    FeedLED                                  0x000026e1   Thumb Code   860  ctrl.o(i.FeedLED)
    FeedRelay                                0x00002a6d   Thumb Code   156  ctrl.o(i.FeedRelay)
    FeedSound                                0x00002b15   Thumb Code   296  ctrl.o(i.FeedSound)
    GetCurretPos                             0x00002c61   Thumb Code   234  ctrl.o(i.GetCurretPos)
    GetKey                                   0x00002d59   Thumb Code    78  key.o(i.GetKey)
    GetVoltage                               0x00002db1   Thumb Code   126  dc2ac.o(i.GetVoltage)
    HAL_ADCEx_Calibration_Start              0x00002e4d   Thumb Code   194  stm32g0xx_hal_adc_ex.o(i.HAL_ADCEx_Calibration_Start)
    HAL_ADC_ConfigChannel                    0x00002f15   Thumb Code   838  stm32g0xx_hal_adc.o(i.HAL_ADC_ConfigChannel)
    HAL_ADC_ConvCpltCallback                 0x00003279   Thumb Code     8  main.o(i.HAL_ADC_ConvCpltCallback)
    HAL_ADC_ConvHalfCpltCallback             0x00003285   Thumb Code     2  stm32g0xx_hal_adc.o(i.HAL_ADC_ConvHalfCpltCallback)
    HAL_ADC_ErrorCallback                    0x00003287   Thumb Code     2  stm32g0xx_hal_adc.o(i.HAL_ADC_ErrorCallback)
    HAL_ADC_Init                             0x00003289   Thumb Code   686  stm32g0xx_hal_adc.o(i.HAL_ADC_Init)
    HAL_ADC_MspInit                          0x0000355d   Thumb Code   188  adc.o(i.HAL_ADC_MspInit)
    HAL_ADC_Start                            0x00003629   Thumb Code   106  stm32g0xx_hal_adc.o(i.HAL_ADC_Start)
    HAL_ADC_Start_DMA                        0x00003699   Thumb Code   186  stm32g0xx_hal_adc.o(i.HAL_ADC_Start_DMA)
    HAL_DMA_IRQHandler                       0x00003765   Thumb Code   282  stm32g0xx_hal_dma.o(i.HAL_DMA_IRQHandler)
    HAL_DMA_Init                             0x00003885   Thumb Code   182  stm32g0xx_hal_dma.o(i.HAL_DMA_Init)
    HAL_DMA_Start_IT                         0x00003945   Thumb Code   204  stm32g0xx_hal_dma.o(i.HAL_DMA_Start_IT)
    HAL_Delay                                0x00003a11   Thumb Code    38  stm32g0xx_hal.o(i.HAL_Delay)
    HAL_FLASHEx_Erase                        0x00003a3d   Thumb Code   136  stm32g0xx_hal_flash_ex.o(i.HAL_FLASHEx_Erase)
    HAL_FLASH_Lock                           0x00003acd   Thumb Code    30  stm32g0xx_hal_flash.o(i.HAL_FLASH_Lock)
    HAL_FLASH_Program                        0x00003af1   Thumb Code   110  stm32g0xx_hal_flash.o(i.HAL_FLASH_Program)
    HAL_FLASH_Unlock                         0x00003b69   Thumb Code    40  stm32g0xx_hal_flash.o(i.HAL_FLASH_Unlock)
    HAL_GPIO_Init                            0x00003b9d   Thumb Code   454  stm32g0xx_hal_gpio.o(i.HAL_GPIO_Init)
    HAL_GPIO_ReadPin                         0x00003d75   Thumb Code    18  stm32g0xx_hal_gpio.o(i.HAL_GPIO_ReadPin)
    HAL_GPIO_WritePin                        0x00003d87   Thumb Code    12  stm32g0xx_hal_gpio.o(i.HAL_GPIO_WritePin)
    HAL_GetTick                              0x00003d95   Thumb Code     6  stm32g0xx_hal.o(i.HAL_GetTick)
    HAL_IWDG_Init                            0x00003da1   Thumb Code   110  stm32g0xx_hal_iwdg.o(i.HAL_IWDG_Init)
    HAL_IWDG_Refresh                         0x00003e1d   Thumb Code    12  stm32g0xx_hal_iwdg.o(i.HAL_IWDG_Refresh)
    HAL_IncTick                              0x00003e2d   Thumb Code    16  stm32g0xx_hal.o(i.HAL_IncTick)
    HAL_Init                                 0x00003e45   Thumb Code    40  stm32g0xx_hal.o(i.HAL_Init)
    HAL_InitTick                             0x00003e71   Thumb Code    82  stm32g0xx_hal.o(i.HAL_InitTick)
    HAL_MspInit                              0x00003ed1   Thumb Code    64  stm32g0xx_hal_msp.o(i.HAL_MspInit)
    HAL_NVIC_EnableIRQ                       0x00003f15   Thumb Code    30  stm32g0xx_hal_cortex.o(i.HAL_NVIC_EnableIRQ)
    HAL_NVIC_SetPriority                     0x00003f39   Thumb Code    18  stm32g0xx_hal_cortex.o(i.HAL_NVIC_SetPriority)
    HAL_PWREx_ControlVoltageScaling          0x00003f4d   Thumb Code    76  stm32g0xx_hal_pwr_ex.o(i.HAL_PWREx_ControlVoltageScaling)
    HAL_RCCEx_PeriphCLKConfig                0x00003fa5   Thumb Code   474  stm32g0xx_hal_rcc_ex.o(i.HAL_RCCEx_PeriphCLKConfig)
    HAL_RCC_ClockConfig                      0x0000418d   Thumb Code   442  stm32g0xx_hal_rcc.o(i.HAL_RCC_ClockConfig)
    HAL_RCC_GetSysClockFreq                  0x00004361   Thumb Code   216  stm32g0xx_hal_rcc.o(i.HAL_RCC_GetSysClockFreq)
    HAL_RCC_OscConfig                        0x00004445   Thumb Code  1442  stm32g0xx_hal_rcc.o(i.HAL_RCC_OscConfig)
    HAL_SYSTICK_Config                       0x000049f9   Thumb Code    46  stm32g0xx_hal_cortex.o(i.HAL_SYSTICK_Config)
    HAL_TIMEx_Break2Callback                 0x00004a31   Thumb Code     2  stm32g0xx_hal_tim_ex.o(i.HAL_TIMEx_Break2Callback)
    HAL_TIMEx_BreakCallback                  0x00004a33   Thumb Code     2  stm32g0xx_hal_tim_ex.o(i.HAL_TIMEx_BreakCallback)
    HAL_TIMEx_CommutCallback                 0x00004a35   Thumb Code     2  stm32g0xx_hal_tim_ex.o(i.HAL_TIMEx_CommutCallback)
    HAL_TIMEx_MasterConfigSynchronization    0x00004a39   Thumb Code   132  stm32g0xx_hal_tim_ex.o(i.HAL_TIMEx_MasterConfigSynchronization)
    HAL_TIM_Base_Init                        0x00004ac5   Thumb Code   108  stm32g0xx_hal_tim.o(i.HAL_TIM_Base_Init)
    HAL_TIM_Base_MspInit                     0x00004b31   Thumb Code   194  tim.o(i.HAL_TIM_Base_MspInit)
    HAL_TIM_Base_Start_IT                    0x00004c01   Thumb Code    96  stm32g0xx_hal_tim.o(i.HAL_TIM_Base_Start_IT)
    HAL_TIM_ConfigClockSource                0x00004c6d   Thumb Code   268  stm32g0xx_hal_tim.o(i.HAL_TIM_ConfigClockSource)
    HAL_TIM_IC_CaptureCallback               0x00004d7d   Thumb Code     2  stm32g0xx_hal_tim.o(i.HAL_TIM_IC_CaptureCallback)
    HAL_TIM_IRQHandler                       0x00004d81   Thumb Code   498  stm32g0xx_hal_tim.o(i.HAL_TIM_IRQHandler)
    HAL_TIM_OC_DelayElapsedCallback          0x00004f79   Thumb Code     2  stm32g0xx_hal_tim.o(i.HAL_TIM_OC_DelayElapsedCallback)
    HAL_TIM_PWM_PulseFinishedCallback        0x00004f7b   Thumb Code     2  stm32g0xx_hal_tim.o(i.HAL_TIM_PWM_PulseFinishedCallback)
    HAL_TIM_PeriodElapsedCallback            0x00004f7d   Thumb Code   158  main.o(i.HAL_TIM_PeriodElapsedCallback)
    HAL_TIM_TriggerCallback                  0x00005051   Thumb Code     2  stm32g0xx_hal_tim.o(i.HAL_TIM_TriggerCallback)
    HardFault_Handler                        0x00005053   Thumb Code     4  stm32g0xx_it.o(i.HardFault_Handler)
    HostWarnCtrl                             0x00005059   Thumb Code    78  warnctrl.o(i.HostWarnCtrl)
    InitIED                                  0x000050b1   Thumb Code   184  main.o(i.InitIED)
    InitInvert                               0x00005181   Thumb Code    16  dc2ac.o(i.InitInvert)
    InitKey                                  0x00005195   Thumb Code    24  ctrl.o(i.InitKey)
    LEDALLOFF                                0x000051b1   Thumb Code    72  ctrl.o(i.LEDALLOFF)
    LEDALLON                                 0x000051fd   Thumb Code    80  ctrl.o(i.LEDALLON)
    LoadOverRollTime                         0x00005315   Thumb Code    10  ctrl.o(i.LoadOverRollTime)
    MX_ADC1_Init                             0x00005325   Thumb Code   280  adc.o(i.MX_ADC1_Init)
    MX_DMA_Init                              0x00005461   Thumb Code    48  dma.o(i.MX_DMA_Init)
    MX_GPIO_Init                             0x00005495   Thumb Code   374  gpio.o(i.MX_GPIO_Init)
    MX_IWDG_Init                             0x00005631   Thumb Code    34  iwdg.o(i.MX_IWDG_Init)
    ManualCtrl                               0x000056dd   Thumb Code   198  ctrl.o(i.ManualCtrl)
    MidWait                                  0x000057bd   Thumb Code    18  ctrl.o(i.MidWait)
    MotorDelay                               0x000057d5   Thumb Code    22  ctrl.o(i.MotorDelay)
    MotorDown                                0x000057f1   Thumb Code    20  ctrl.o(i.MotorDown)
    MotorMid                                 0x00005809   Thumb Code    20  ctrl.o(i.MotorMid)
    MotorUp                                  0x00005821   Thumb Code    20  ctrl.o(i.MotorUp)
    MovMotor                                 0x00005839   Thumb Code   514  ctrl.o(i.MovMotor)
    MuteError                                0x00005a59   Thumb Code    12  ctrl.o(i.MuteError)
    MuteRun                                  0x00005a69   Thumb Code     8  warnctrl.o(i.MuteRun)
    MuteWarning                              0x00005a75   Thumb Code    10  warnctrl.o(i.MuteWarning)
    NMI_Handler                              0x00005a85   Thumb Code     4  stm32g0xx_it.o(i.NMI_Handler)
    PendSV_Handler                           0x00005a89   Thumb Code     2  stm32g0xx_it.o(i.PendSV_Handler)
    ResumeCheckSensor                        0x00005a8b   Thumb Code    16  ctrl.o(i.ResumeCheckSensor)
    ResumeMotorRun                           0x00005a9d   Thumb Code    26  dc2ac.o(i.ResumeMotorRun)
    STMFLASH_Read                            0x00005abd   Thumb Code    32  eeprom.o(i.STMFLASH_Read)
    STMFLASH_ReadWord                        0x00005add   Thumb Code     6  eeprom.o(i.STMFLASH_ReadWord)
    STMFLASH_Write                           0x00005ae5   Thumb Code   188  eeprom.o(i.STMFLASH_Write)
    SVC_Handler                              0x00005ba5   Thumb Code     2  stm32g0xx_it.o(i.SVC_Handler)
    SaveLifeCtrl                             0x00005ba9   Thumb Code    42  warnctrl.o(i.SaveLifeCtrl)
    SelfTest                                 0x00005bdd   Thumb Code    38  ctrl.o(i.SelfTest)
    SetLock                                  0x00005c11   Thumb Code    70  ctrl.o(i.SetLock)
    SetMidWait                               0x00005c69   Thumb Code    14  warnctrl.o(i.SetMidWait)
    SetTaskLastTime                          0x00005c7d   Thumb Code    42  task.o(i.SetTaskLastTime)
    StartCheckBrake                          0x00005cad   Thumb Code    44  dc2ac.o(i.StartCheckBrake)
    StartTimer                               0x00005ce5   Thumb Code    86  task.o(i.StartTimer)
    StartTimer2                              0x00005d41   Thumb Code    48  task.o(i.StartTimer2)
    StartWarning                             0x00005d75   Thumb Code    18  ctrl.o(i.StartWarning)
    StopDC2ACConvert                         0x00005d8d   Thumb Code    24  dc2ac.o(i.StopDC2ACConvert)
    StopInvert                               0x00005da9   Thumb Code    14  dc2ac.o(i.StopInvert)
    StopMotor                                0x00005dbd   Thumb Code   110  ctrl.o(i.StopMotor)
    StopTimer                                0x00005e3d   Thumb Code    46  task.o(i.StopTimer)
    StopWarning                              0x00005e71   Thumb Code    24  ctrl.o(i.StopWarning)
    SuspendTask                              0x00005e8d   Thumb Code    44  task.o(i.SuspendTask)
    SystemClock_Config                       0x00005ebd   Thumb Code   156  main.o(i.SystemClock_Config)
    SystemInit                               0x00005f59   Thumb Code     2  system_stm32g0xx.o(i.SystemInit)
    TIM3_IRQHandler                          0x00005f5d   Thumb Code    10  stm32g0xx_it.o(i.TIM3_IRQHandler)
    TIM_Base_SetConfig                       0x00005f6d   Thumb Code   122  stm32g0xx_hal_tim.o(i.TIM_Base_SetConfig)
    TIM_ETR_SetConfig                        0x00005ffd   Thumb Code    28  stm32g0xx_hal_tim.o(i.TIM_ETR_SetConfig)
    TaskBlinLed                              0x00006095   Thumb Code    76  task.o(i.TaskBlinLed)
    TaskChargeBat                            0x000060ed   Thumb Code   140  dc2ac.o(i.TaskChargeBat)
    TaskCheckBrakeCoil                       0x0000618d   Thumb Code     2  dc2ac.o(i.TaskCheckBrakeCoil)
    TaskCheckHeatErr                         0x00006191   Thumb Code   106  ctrl.o(i.TaskCheckHeatErr)
    TaskCheckSensor                          0x00006209   Thumb Code   662  dc2ac.o(i.TaskCheckSensor)
    TaskCommand                              0x000064cd   Thumb Code   100  dc2ac.o(i.TaskCommand)
    TaskProc                                 0x00006541   Thumb Code   204  task.o(i.TaskProc)
    TaskScanKey                              0x00006625   Thumb Code   676  key.o(i.TaskScanKey)
    TaskSelfTestLED                          0x000068ed   Thumb Code    92  ctrl.o(i.TaskSelfTestLED)
    TaskStateCheck                           0x00006951   Thumb Code   492  ctrl.o(i.TaskStateCheck)
    TaskStopMotor                            0x00006b59   Thumb Code   358  ctrl.o(i.TaskStopMotor)
    TaskTimer                                0x00006cd5   Thumb Code   112  task.o(i.TaskTimer)
    TaskWarn                                 0x00006d49   Thumb Code    80  ctrl.o(i.TaskWarn)
    Task_Anjian_Check                        0x00006da5   Thumb Code   202  task.o(i.Task_Anjian_Check)
    Task_Power_Check                         0x00006e81   Thumb Code    88  dc2ac.o(i.Task_Power_Check)
    Task_WDT                                 0x00006ee1   Thumb Code    10  ctrl.o(i.Task_WDT)
    WriteALLLED                              0x00006ef1   Thumb Code     2  ctrl.o(i.WriteALLLED)
    WriteLEDInfo                             0x00006ef3   Thumb Code     2  ctrl.o(i.WriteLEDInfo)
    __ARM_common_switch8                     0x00006ef5   Thumb Code    28  task.o(i.__ARM_common_switch8)
    __armlib_thread_safety_init              0x00006f89   Thumb Code    36  armlib_lock_glue.o(i.__armlib_thread_safety_init)
    _mutex_acquire                           0x00006fb5   Thumb Code    60  armlib_lock_glue.o(i._mutex_acquire)
    _mutex_free                              0x00006ff5   Thumb Code    58  armlib_lock_glue.o(i._mutex_free)
    _mutex_initialize                        0x00007035   Thumb Code   102  armlib_lock_glue.o(i._mutex_initialize)
    _mutex_release                           0x000070a5   Thumb Code    60  armlib_lock_glue.o(i._mutex_release)
    checkUserMode                            0x000070e5   Thumb Code    24  ctrl.o(i.checkUserMode)
    idle                                     0x00007101   Thumb Code     2  task.o(i.idle)
    jiance_vol_set                           0x00007105   Thumb Code    26  ctrl.o(i.jiance_vol_set)
    main                                     0x00007125   Thumb Code   272  main.o(i.main)
    run_vol_set                              0x00007251   Thumb Code    34  ctrl.o(i.run_vol_set)
    send_data                                0x00007279   Thumb Code   124  task.o(i.send_data)
    setDIR                                   0x000072f5   Thumb Code    96  ctrl.o(i.setDIR)
    __aeabi_cdcmple                          0x00007401   Thumb Code     0  dlef.o(x$fpl$dleqf)
    _dcmple                                  0x00007401   Thumb Code    94  dlef.o(x$fpl$dleqf)
    __aeabi_cdrcmple                         0x00007465   Thumb Code     0  drlef.o(x$fpl$drleqf)
    _drcmple                                 0x00007465   Thumb Code   100  drlef.o(x$fpl$drleqf)
    __aeabi_cfcmple                          0x000074cd   Thumb Code     0  flef.o(x$fpl$fleqf)
    _fcmple                                  0x000074cd   Thumb Code    78  flef.o(x$fpl$fleqf)
    __aeabi_fmul                             0x00007521   Thumb Code     0  fmul.o(x$fpl$fmul)
    _fmul                                    0x00007521   Thumb Code   172  fmul.o(x$fpl$fmul)
    __I$use$fp                               0x000075d0   Number         0  usenofp.o(x$fpl$usenofp)
    AHBPrescTable                            0x00007618   Data          64  system_stm32g0xx.o(.constdata)
    APBPrescTable                            0x00007658   Data          32  system_stm32g0xx.o(.constdata)
    Region$$Table$$Base                      0x00007738   Number         0  anon$$obj.o(Region$$Table)
    Region$$Table$$Limit                     0x00007758   Number         0  anon$$obj.o(Region$$Table)
    SHT$$INIT_ARRAY$$Base                    0x00007758   Number         0  armlib_lock_glue.o(.init_array)
    SHT$$INIT_ARRAY$$Limit                   0x0000775c   Number         0  init_aeabi.o(.init_array)
    ubDmaTransferStatus                      0x20000004   Data           1  main.o(.data)
    write_eeprom_flag                        0x20000008   Data           4  main.o(.data)
    m                                        0x2000000c   Data           2  main.o(.data)
    n                                        0x2000000e   Data           2  main.o(.data)
    p                                        0x20000010   Data           2  main.o(.data)
    TaskDb                                   0x20000014   Data         280  task.o(.data)
    CPU_Usage                                0x2000012c   Data           4  task.o(.data)
    RunTimer                                 0x20000130   Data           4  task.o(.data)
    Sample_Volt                              0x20000134   Data          28  task.o(.data)
    gc1ms                                    0x20000150   Data           1  task.o(.data)
    TMP1msCount                              0x20000151   Data           1  task.o(.data)
    MOTOR__UP__FLAG                          0x20000154   Data           1  ctrl.o(.data)
    MOTOR__DOWN__FLAG                        0x20000155   Data           1  ctrl.o(.data)
    MOTOR__RUN                               0x20000156   Data           1  ctrl.o(.data)
    MAIN_POWER_SOUND                         0x20000157   Data           1  ctrl.o(.data)
    BAT_SOUND                                0x20000158   Data           1  ctrl.o(.data)
    MOTOR_LINE_SOUND                         0x20000159   Data           1  ctrl.o(.data)
    COIL_SOUND                               0x2000015a   Data           1  ctrl.o(.data)
    TOP_OVERROLL_SOUND                       0x2000015b   Data           1  ctrl.o(.data)
    SMOKE_TEMP_SOUND                         0x2000015c   Data           1  ctrl.o(.data)
    CtrlHalfDown                             0x2000015d   Data           1  ctrl.o(.data)
    CtrlAllDown                              0x2000015e   Data           1  ctrl.o(.data)
    power_on                                 0x20000160   Data           4  ctrl.o(.data)
    send_data_flag                           0x20000164   Data           4  ctrl.o(.data)
    send_end_timer                           0x20000168   Data           4  ctrl.o(.data)
    MotorLineCnt                             0x2000016c   Data           4  ctrl.o(.data)
    gcBeepTrig                               0x20000170   Data           1  ctrl.o(.data)
    gcNumBeep                                0x20000174   Data           4  ctrl.o(.data)
    BeepFreq                                 0x20000178   Data           4  ctrl.o(.data)
    gcMotorDir                               0x2000017c   Data           1  ctrl.o(.data)
    gcPhaseCtrl                              0x2000017d   Data           1  ctrl.o(.data)
    gcPrePhaseCtrl                           0x2000017e   Data           1  ctrl.o(.data)
    gcTimer_Motor_ID                         0x2000017f   Data           1  ctrl.o(.data)
    TimerReleaseDir                          0x20000180   Data           1  ctrl.o(.data)
    gcDebugMode                              0x20000181   Data           1  ctrl.o(.data)
    TimerStartInitInvertTimer                0x20000182   Data           1  ctrl.o(.data)
    TimerResumeCheckSensor                   0x20000183   Data           1  ctrl.o(.data)
    debug_time                               0x20000184   Data           2  ctrl.o(.data)
    HiCnt                                    0x20000188   Data           4  ctrl.o(.data)
    LowCnt                                   0x2000018c   Data           4  ctrl.o(.data)
    PreEx1                                   0x20000190   Data           1  ctrl.o(.data)
    PreEx2                                   0x20000191   Data           1  ctrl.o(.data)
    PreMotorLine                             0x20000194   Data           4  ctrl.o(.data)
    preUserMode                              0x20000198   Data           1  ctrl.o(.data)
    bCtrlAllDown_IN_cnt                      0x2000019c   Data           4  ctrl.o(.data)
    bCtrlHalfDown_IN_cnt                     0x200001a0   Data           4  ctrl.o(.data)
    DelayLock                                0x200001a4   Data           1  ctrl.o(.data)
    LockLedCnt                               0x200001a5   Data           3  ctrl.o(.data)
    preLEDMainPower                          0x200001a8   Data           1  ctrl.o(.data)
    preLEDBatPower                           0x200001a9   Data           1  ctrl.o(.data)
    preLEDWarn                               0x200001aa   Data           1  ctrl.o(.data)
    preLEDRUN                                0x200001ab   Data           1  ctrl.o(.data)
    FEED_ERR_LED                             0x200001ac   Data           4  ctrl.o(.data)
    Feed_Err_Cnt                             0x200001b0   Data           4  ctrl.o(.data)
    glErr                                    0x200001b4   Data           4  ctrl.o(.data)
    Pre_err                                  0x200001b8   Data           4  ctrl.o(.data)
    sound_feed_on                            0x200001bc   Data           1  ctrl.o(.data)
    up_sound                                 0x200001bd   Data           1  ctrl.o(.data)
    down_sound                               0x200001be   Data           1  ctrl.o(.data)
    TimDelayMute                             0x200001bf   Data           1  ctrl.o(.data)
    SelftestTimer                            0x200001c0   Data           1  ctrl.o(.data)
    selftestcnt                              0x200001c4   Data           4  ctrl.o(.data)
    gcKey                                    0x200001cc   Data           1  key.o(.data)
    yuancheng_flag                           0x200001cd   Data           1  key.o(.data)
    KEY_DOWN_UNLOCK                          0x200001ce   Data           1  key.o(.data)
    KEY_LOCK_FLAG                            0x200001cf   Data           1  key.o(.data)
    bMiddleWaitTimerID                       0x200001d0   Data           1  warnctrl.o(.data)
    bMidWait                                 0x200001d1   Data           1  warnctrl.o(.data)
    DestPos                                  0x200001d2   Data           1  warnctrl.o(.data)
    halfdown_life                            0x200001d3   Data           1  warnctrl.o(.data)
    Warn_flag                                0x200001d4   Data           1  warnctrl.o(.data)
    anjian_flag                              0x200001d5   Data           1  warnctrl.o(.data)
    BRAKECHECK                               0x200001d8   Data           1  dc2ac.o(.data)
    BAT_CTRL_RELAY                           0x200001d9   Data           1  dc2ac.o(.data)
    BotCheckTimerID                          0x200001da   Data           1  dc2ac.o(.data)
    TimerDeInitDC2AC                         0x200001db   Data           1  dc2ac.o(.data)
    dc_run_time                              0x200001dc   Data           2  dc2ac.o(.data)
    DC2AC_CTRL                               0x200001de   Data           1  dc2ac.o(.data)
    TimDelayShutDown                         0x200001df   Data           1  dc2ac.o(.data)
    charegeState                             0x200001e0   Data           1  dc2ac.o(.data)
    off_Cnt                                  0x200001e4   Data           4  dc2ac.o(.data)
    TempSensorCnt                            0x200001e8   Data           1  dc2ac.o(.data)
    SmokeSensorcnt                           0x200001e9   Data           1  dc2ac.o(.data)
    uwTick                                   0x200001ec   Data           4  stm32g0xx_hal.o(.data)
    uwTickPrio                               0x200001f0   Data           4  stm32g0xx_hal.o(.data)
    uwTickFreq                               0x200001f4   Data           1  stm32g0xx_hal.o(.data)
    SystemCoreClock                          0x200001f8   Data           4  system_stm32g0xx.o(.data)
    aADCxConvertedData                       0x20000214   Data          16  main.o(.bss)
    htim3                                    0x20000224   Data          76  main.o(.bss)
    AD_Value                                 0x20000270   Data          28  adc.o(.bss)
    hadc1                                    0x2000028c   Data         100  adc.o(.bss)
    hdma_adc1                                0x200002f0   Data          92  adc.o(.bss)
    hiwdg                                    0x2000034c   Data          16  iwdg.o(.bss)
    TimerData                                0x2000035c   Data         192  task.o(.bss)
    IED                                      0x2000041c   Data         104  ctrl.o(.bss)
    TimeOut                                  0x20000484   Data          32  ctrl.o(.bss)
    CHILD                                    0x200004a4   Data          24  ctrl.o(.bss)
    keyPad                                   0x200004bc   Data          48  key.o(.bss)
    voltage                                  0x200004f0   Data          56  dc2ac.o(.bss)
    pFlash                                   0x20000528   Data          28  stm32g0xx_hal_flash.o(.bss)
    __libspace_start                         0x20000544   Data          96  libspace.o(.bss)
    __temporary_stack_top$libspace           0x200005a4   Data           0  libspace.o(.bss)



==============================================================================

Memory Map of the image

  Image Entry point : 0x000000c1

  Load Region LR_IROM1 (Base: 0x00000000, Size: 0x00007958, Max: 0x00040000, ABSOLUTE, COMPRESSED[0x00007810])

    Execution Region ER_IROM1 (Base: 0x00000000, Size: 0x0000775c, Max: 0x00040000, ABSOLUTE)

    Base Addr    Size         Type   Attr      Idx    E Section Name        Object

    0x00000000   0x000000c0   Data   RO            3    RESET               startup_stm32g030xx.o
    0x000000c0   0x00000008   Code   RO         3960  * !!!main             c_p.l(__main.o)
    0x000000c8   0x0000003c   Code   RO         4173    !!!scatter          c_p.l(__scatter.o)
    0x00000104   0x0000001c   Code   RO         4175    !!handler_zi        c_p.l(__scatter_zi.o)
    0x00000120   0x00000002   Code   RO         4092    .ARM.Collect$$libinit$$00000000  c_p.l(libinit.o)
    0x00000122   0x00000000   Code   RO         3998    .ARM.Collect$$libinit$$00000002  c_p.l(libinit2.o)
    0x00000122   0x00000000   Code   RO         4000    .ARM.Collect$$libinit$$00000004  c_p.l(libinit2.o)
    0x00000122   0x00000000   Code   RO         4003    .ARM.Collect$$libinit$$0000000A  c_p.l(libinit2.o)
    0x00000122   0x00000000   Code   RO         4005    .ARM.Collect$$libinit$$0000000C  c_p.l(libinit2.o)
    0x00000122   0x00000000   Code   RO         4007    .ARM.Collect$$libinit$$0000000E  c_p.l(libinit2.o)
    0x00000122   0x00000000   Code   RO         4010    .ARM.Collect$$libinit$$00000011  c_p.l(libinit2.o)
    0x00000122   0x00000000   Code   RO         4012    .ARM.Collect$$libinit$$00000013  c_p.l(libinit2.o)
    0x00000122   0x00000000   Code   RO         4014    .ARM.Collect$$libinit$$00000015  c_p.l(libinit2.o)
    0x00000122   0x00000000   Code   RO         4016    .ARM.Collect$$libinit$$00000017  c_p.l(libinit2.o)
    0x00000122   0x00000000   Code   RO         4018    .ARM.Collect$$libinit$$00000019  c_p.l(libinit2.o)
    0x00000122   0x00000000   Code   RO         4020    .ARM.Collect$$libinit$$0000001B  c_p.l(libinit2.o)
    0x00000122   0x00000000   Code   RO         4022    .ARM.Collect$$libinit$$0000001D  c_p.l(libinit2.o)
    0x00000122   0x00000000   Code   RO         4024    .ARM.Collect$$libinit$$0000001F  c_p.l(libinit2.o)
    0x00000122   0x00000000   Code   RO         4026    .ARM.Collect$$libinit$$00000021  c_p.l(libinit2.o)
    0x00000122   0x00000000   Code   RO         4028    .ARM.Collect$$libinit$$00000023  c_p.l(libinit2.o)
    0x00000122   0x00000000   Code   RO         4030    .ARM.Collect$$libinit$$00000025  c_p.l(libinit2.o)
    0x00000122   0x00000000   Code   RO         4034    .ARM.Collect$$libinit$$0000002C  c_p.l(libinit2.o)
    0x00000122   0x00000000   Code   RO         4036    .ARM.Collect$$libinit$$0000002E  c_p.l(libinit2.o)
    0x00000122   0x00000000   Code   RO         4038    .ARM.Collect$$libinit$$00000030  c_p.l(libinit2.o)
    0x00000122   0x00000004   Code   RO         4039    .ARM.Collect$$libinit$$00000031  c_p.l(libinit2.o)
    0x00000126   0x00000000   Code   RO         4040    .ARM.Collect$$libinit$$00000032  c_p.l(libinit2.o)
    0x00000126   0x00000002   Code   RO         4041    .ARM.Collect$$libinit$$00000033  c_p.l(libinit2.o)
    0x00000128   0x00000002   Code   RO         4139    .ARM.Collect$$libshutdown$$00000000  c_p.l(libshutdown.o)
    0x0000012a   0x00000000   Code   RO         4156    .ARM.Collect$$libshutdown$$00000003  c_p.l(libshutdown2.o)
    0x0000012a   0x00000000   Code   RO         4159    .ARM.Collect$$libshutdown$$00000006  c_p.l(libshutdown2.o)
    0x0000012a   0x00000000   Code   RO         4162    .ARM.Collect$$libshutdown$$00000009  c_p.l(libshutdown2.o)
    0x0000012a   0x00000000   Code   RO         4164    .ARM.Collect$$libshutdown$$0000000B  c_p.l(libshutdown2.o)
    0x0000012a   0x00000000   Code   RO         4167    .ARM.Collect$$libshutdown$$0000000E  c_p.l(libshutdown2.o)
    0x0000012a   0x00000002   Code   RO         4168    .ARM.Collect$$libshutdown$$0000000F  c_p.l(libshutdown2.o)
    0x0000012c   0x00000000   Code   RO         3992    .ARM.Collect$$rtentry$$00000000  c_p.l(__rtentry.o)
    0x0000012c   0x00000000   Code   RO         4048    .ARM.Collect$$rtentry$$00000002  c_p.l(__rtentry2.o)
    0x0000012c   0x00000006   Code   RO         4060    .ARM.Collect$$rtentry$$00000004  c_p.l(__rtentry4.o)
    0x00000132   0x00000000   Code   RO         4050    .ARM.Collect$$rtentry$$00000009  c_p.l(__rtentry2.o)
    0x00000132   0x00000004   Code   RO         4051    .ARM.Collect$$rtentry$$0000000A  c_p.l(__rtentry2.o)
    0x00000136   0x00000000   Code   RO         4053    .ARM.Collect$$rtentry$$0000000C  c_p.l(__rtentry2.o)
    0x00000136   0x00000008   Code   RO         4054    .ARM.Collect$$rtentry$$0000000D  c_p.l(__rtentry2.o)
    0x0000013e   0x00000002   Code   RO         4101    .ARM.Collect$$rtexit$$00000000  c_p.l(rtexit.o)
    0x00000140   0x00000000   Code   RO         4121    .ARM.Collect$$rtexit$$00000002  c_p.l(rtexit2.o)
    0x00000140   0x00000004   Code   RO         4122    .ARM.Collect$$rtexit$$00000003  c_p.l(rtexit2.o)
    0x00000144   0x00000006   Code   RO         4123    .ARM.Collect$$rtexit$$00000004  c_p.l(rtexit2.o)
    0x0000014a   0x00000002   PAD
    0x0000014c   0x00000038   Code   RO         3948    .emb_text           c_p.l(rt_memcpy.o)
    0x00000184   0x00000038   Code   RO            4    .text               startup_stm32g030xx.o
    0x000001bc   0x00000040   Code   RO         3952    .text               c_p.l(rt_memclr.o)
    0x000001fc   0x0000015a   Code   RO         3954    .text               c_p.l(aeabi_sdiv.o)
    0x00000356   0x00000006   Code   RO         3958    .text               c_p.l(heapauxi.o)
    0x0000035c   0x00000024   Code   RO         3965    .text               c_p.l(init_aeabi.o)
    0x00000380   0x00000358   Code   RO         3968    .text               fz_ps.l(daddsub.o)
    0x000006d8   0x00000448   Code   RO         3970    .text               fz_ps.l(ddiv.o)
    0x00000b20   0x0000006c   Code   RO         3973    .text               fz_ps.l(dfixi.o)
    0x00000b8c   0x00000058   Code   RO         3975    .text               fz_ps.l(dflti.o)
    0x00000be4   0x00000248   Code   RO         3979    .text               fz_ps.l(dmul.o)
    0x00000e2c   0x00000160   Code   RO         3983    .text               fz_ps.l(fdiv.o)
    0x00000f8c   0x0000005e   Code   RO         3986    .text               fz_ps.l(fflti.o)
    0x00000fea   0x00000002   PAD
    0x00000fec   0x00000090   Code   RO         4042    .text               fz_ps.l(dcmpin.o)
    0x0000107c   0x00000064   Code   RO         4044    .text               fz_ps.l(fcmpin.o)
    0x000010e0   0x00000030   Code   RO         4066    .text               fz_ps.l(cmpret.o)
    0x00001110   0x00000014   Code   RO         4068    .text               fz_ps.l(dnan2.o)
    0x00001124   0x00000010   Code   RO         4070    .text               fz_ps.l(fnan2.o)
    0x00001134   0x0000003e   Code   RO         4074    .text               c_p.l(sys_stackheap_outer.o)
    0x00001172   0x0000000c   Code   RO         4077    .text               c_p.l(exit.o)
    0x0000117e   0x0000005e   Code   RO         4093    .text               fz_ps.l(retnan.o)
    0x000011dc   0x00000008   Code   RO         4097    .text               c_p.l(libspace.o)
    0x000011e4   0x0000000c   Code   RO         4115    .text               c_p.l(sys_exit.o)
    0x000011f0   0x00000002   Code   RO         4117    .text               c_p.l(use_no_semi.o)
    0x000011f2   0x00000000   Code   RO         4119    .text               c_p.l(indicate_semi.o)
    0x000011f2   0x00000056   Code   RO         4171    .text               c_p.l(__dczerorl2.o)
    0x00001248   0x00000038   Code   RO          507    RAMCODE             task.o
    0x00001280   0x000002d8   Code   RO          658    RAMCODE             ctrl.o
    0x00001558   0x00000020   Code   RO          995    i.ACHostWarnCtrl    warnctrl.o
    0x00001578   0x000002f0   Code   RO          996    i.ACHostWarnMode1   warnctrl.o
    0x00001868   0x00000294   Code   RO          997    i.ACHostWarnMode2   warnctrl.o
    0x00001afc   0x00000178   Code   RO          998    i.ACManualCtrl      warnctrl.o
    0x00001c74   0x00000148   Code   RO          999    i.ACSaveLifeCtrl    warnctrl.o
    0x00001dbc   0x00000060   Code   RO          508    i.ADC1_KeySample    task.o
    0x00001e1c   0x00000060   Code   RO          509    i.ADC2_KeySample    task.o
    0x00001e7c   0x00000090   Code   RO         1378    i.ADC_DMAConvCplt   stm32g0xx_hal_adc.o
    0x00001f0c   0x0000001e   Code   RO         1379    i.ADC_DMAError      stm32g0xx_hal_adc.o
    0x00001f2a   0x0000000e   Code   RO         1380    i.ADC_DMAHalfConvCplt  stm32g0xx_hal_adc.o
    0x00001f38   0x0000008a   Code   RO         1381    i.ADC_Disable       stm32g0xx_hal_adc.o
    0x00001fc2   0x00000002   PAD
    0x00001fc4   0x000000d8   Code   RO         1382    i.ADC_Enable        stm32g0xx_hal_adc.o
    0x0000209c   0x0000004c   Code   RO          510    i.ActiveTask        task.o
    0x000020e8   0x00000002   Code   RO         1103    i.ActiveTaskCheckPhase  dc2ac.o
    0x000020ea   0x00000002   PAD
    0x000020ec   0x00000050   Code   RO          511    i.ActiveTaskNow     task.o
    0x0000213c   0x00000020   Code   RO         1104    i.AddCommand        dc2ac.o
    0x0000215c   0x0000007c   Code   RO          659    i.CheckCtrlSignal   ctrl.o
    0x000021d8   0x00000110   Code   RO          660    i.Cont_Break_Ctrl   ctrl.o
    0x000022e8   0x00000010   Code   RO          419    i.DMA1_Channel1_IRQHandler  stm32g0xx_it.o
    0x000022f8   0x00000034   Code   RO         2130    i.DMA_CalcDMAMUXChannelBaseAndMask  stm32g0xx_hal_dma.o
    0x0000232c   0x00000028   Code   RO         2131    i.DMA_CalcDMAMUXRequestGenBaseAndMask  stm32g0xx_hal_dma.o
    0x00002354   0x0000004c   Code   RO         2132    i.DMA_SetConfig     stm32g0xx_hal_dma.o
    0x000023a0   0x00000002   Code   RO         1109    i.DeInitDC2AC       dc2ac.o
    0x000023a2   0x0000001a   Code   RO          512    i.DelayMS           task.o
    0x000023bc   0x0000000e   Code   RO         1003    i.DelayMoveMotor    warnctrl.o
    0x000023ca   0x00000002   PAD
    0x000023cc   0x00000060   Code   RO          513    i.DelayUs           task.o
    0x0000242c   0x0000002c   Code   RO         1282    i.EEReadStruct      eeprom.o
    0x00002458   0x00000020   Code   RO         1283    i.EEWriteStruct     eeprom.o
    0x00002478   0x00000024   Code   RO         1113    i.EnableBattary     dc2ac.o
    0x0000249c   0x00000054   Code   RO         1114    i.EnableBrakPower   dc2ac.o
    0x000024f0   0x00000004   Code   RO           92    i.Error_Handler     main.o
    0x000024f4   0x00000018   Code   RO         1967    i.FLASH_MassErase   stm32g0xx_hal_flash_ex.o
    0x0000250c   0x00000024   Code   RO         1973    i.FLASH_PageErase   stm32g0xx_hal_flash_ex.o
    0x00002530   0x00000028   Code   RO         1860    i.FLASH_Program_DoubleWord  stm32g0xx_hal_flash.o
    0x00002558   0x00000054   Code   RO         1861    i.FLASH_Program_Fast  stm32g0xx_hal_flash.o
    0x000025ac   0x00000074   Code   RO         1862    i.FLASH_WaitForLastOperation  stm32g0xx_hal_flash.o
    0x00002620   0x000000c0   Code   RO          663    i.Feed              ctrl.o
    0x000026e0   0x0000038c   Code   RO          664    i.FeedLED           ctrl.o
    0x00002a6c   0x000000a8   Code   RO          665    i.FeedRelay         ctrl.o
    0x00002b14   0x0000014c   Code   RO          666    i.FeedSound         ctrl.o
    0x00002c60   0x000000f8   Code   RO          667    i.GetCurretPos      ctrl.o
    0x00002d58   0x00000058   Code   RO          960    i.GetKey            key.o
    0x00002db0   0x0000009c   Code   RO         1115    i.GetVoltage        dc2ac.o
    0x00002e4c   0x000000c8   Code   RO         1623    i.HAL_ADCEx_Calibration_Start  stm32g0xx_hal_adc_ex.o
    0x00002f14   0x00000364   Code   RO         1384    i.HAL_ADC_ConfigChannel  stm32g0xx_hal_adc.o
    0x00003278   0x0000000c   Code   RO           93    i.HAL_ADC_ConvCpltCallback  main.o
    0x00003284   0x00000002   Code   RO         1386    i.HAL_ADC_ConvHalfCpltCallback  stm32g0xx_hal_adc.o
    0x00003286   0x00000002   Code   RO         1388    i.HAL_ADC_ErrorCallback  stm32g0xx_hal_adc.o
    0x00003288   0x000002d4   Code   RO         1393    i.HAL_ADC_Init      stm32g0xx_hal_adc.o
    0x0000355c   0x000000cc   Code   RO          329    i.HAL_ADC_MspInit   adc.o
    0x00003628   0x00000070   Code   RO         1399    i.HAL_ADC_Start     stm32g0xx_hal_adc.o
    0x00003698   0x000000cc   Code   RO         1400    i.HAL_ADC_Start_DMA  stm32g0xx_hal_adc.o
    0x00003764   0x00000120   Code   RO         2138    i.HAL_DMA_IRQHandler  stm32g0xx_hal_dma.o
    0x00003884   0x000000c0   Code   RO         2139    i.HAL_DMA_Init      stm32g0xx_hal_dma.o
    0x00003944   0x000000cc   Code   RO         2143    i.HAL_DMA_Start_IT  stm32g0xx_hal_dma.o
    0x00003a10   0x0000002c   Code   RO         2601    i.HAL_Delay         stm32g0xx_hal.o
    0x00003a3c   0x00000090   Code   RO         1974    i.HAL_FLASHEx_Erase  stm32g0xx_hal_flash_ex.o
    0x00003acc   0x00000024   Code   RO         1866    i.HAL_FLASH_Lock    stm32g0xx_hal_flash.o
    0x00003af0   0x00000078   Code   RO         1871    i.HAL_FLASH_Program  stm32g0xx_hal_flash.o
    0x00003b68   0x00000034   Code   RO         1873    i.HAL_FLASH_Unlock  stm32g0xx_hal_flash.o
    0x00003b9c   0x000001d8   Code   RO         2064    i.HAL_GPIO_Init     stm32g0xx_hal_gpio.o
    0x00003d74   0x00000012   Code   RO         2066    i.HAL_GPIO_ReadPin  stm32g0xx_hal_gpio.o
    0x00003d86   0x0000000c   Code   RO         2068    i.HAL_GPIO_WritePin  stm32g0xx_hal_gpio.o
    0x00003d92   0x00000002   PAD
    0x00003d94   0x0000000c   Code   RO         2605    i.HAL_GetTick       stm32g0xx_hal.o
    0x00003da0   0x0000007c   Code   RO         2861    i.HAL_IWDG_Init     stm32g0xx_hal_iwdg.o
    0x00003e1c   0x00000010   Code   RO         2862    i.HAL_IWDG_Refresh  stm32g0xx_hal_iwdg.o
    0x00003e2c   0x00000018   Code   RO         2611    i.HAL_IncTick       stm32g0xx_hal.o
    0x00003e44   0x0000002c   Code   RO         2612    i.HAL_Init          stm32g0xx_hal.o
    0x00003e70   0x00000060   Code   RO         2613    i.HAL_InitTick      stm32g0xx_hal.o
    0x00003ed0   0x00000044   Code   RO          485    i.HAL_MspInit       stm32g0xx_hal_msp.o
    0x00003f14   0x00000024   Code   RO         2487    i.HAL_NVIC_EnableIRQ  stm32g0xx_hal_cortex.o
    0x00003f38   0x00000012   Code   RO         2491    i.HAL_NVIC_SetPriority  stm32g0xx_hal_cortex.o
    0x00003f4a   0x00000002   PAD
    0x00003f4c   0x00000058   Code   RO         2370    i.HAL_PWREx_ControlVoltageScaling  stm32g0xx_hal_pwr_ex.o
    0x00003fa4   0x000001e8   Code   RO         1815    i.HAL_RCCEx_PeriphCLKConfig  stm32g0xx_hal_rcc_ex.o
    0x0000418c   0x000001d4   Code   RO         1697    i.HAL_RCC_ClockConfig  stm32g0xx_hal_rcc.o
    0x00004360   0x000000e4   Code   RO         1707    i.HAL_RCC_GetSysClockFreq  stm32g0xx_hal_rcc.o
    0x00004444   0x000005b4   Code   RO         1711    i.HAL_RCC_OscConfig  stm32g0xx_hal_rcc.o
    0x000049f8   0x00000038   Code   RO         2495    i.HAL_SYSTICK_Config  stm32g0xx_hal_cortex.o
    0x00004a30   0x00000002   Code   RO         3614    i.HAL_TIMEx_Break2Callback  stm32g0xx_hal_tim_ex.o
    0x00004a32   0x00000002   Code   RO         3615    i.HAL_TIMEx_BreakCallback  stm32g0xx_hal_tim_ex.o
    0x00004a34   0x00000002   Code   RO         3616    i.HAL_TIMEx_CommutCallback  stm32g0xx_hal_tim_ex.o
    0x00004a36   0x00000002   PAD
    0x00004a38   0x0000008c   Code   RO         3637    i.HAL_TIMEx_MasterConfigSynchronization  stm32g0xx_hal_tim_ex.o
    0x00004ac4   0x0000006c   Code   RO         2891    i.HAL_TIM_Base_Init  stm32g0xx_hal_tim.o
    0x00004b30   0x000000d0   Code   RO         1332    i.HAL_TIM_Base_MspInit  tim.o
    0x00004c00   0x0000006c   Code   RO         2896    i.HAL_TIM_Base_Start_IT  stm32g0xx_hal_tim.o
    0x00004c6c   0x00000110   Code   RO         2900    i.HAL_TIM_ConfigClockSource  stm32g0xx_hal_tim.o
    0x00004d7c   0x00000002   Code   RO         2925    i.HAL_TIM_IC_CaptureCallback  stm32g0xx_hal_tim.o
    0x00004d7e   0x00000002   PAD
    0x00004d80   0x000001f8   Code   RO         2939    i.HAL_TIM_IRQHandler  stm32g0xx_hal_tim.o
    0x00004f78   0x00000002   Code   RO         2942    i.HAL_TIM_OC_DelayElapsedCallback  stm32g0xx_hal_tim.o
    0x00004f7a   0x00000002   Code   RO         2969    i.HAL_TIM_PWM_PulseFinishedCallback  stm32g0xx_hal_tim.o
    0x00004f7c   0x000000d4   Code   RO           94    i.HAL_TIM_PeriodElapsedCallback  main.o
    0x00005050   0x00000002   Code   RO         2982    i.HAL_TIM_TriggerCallback  stm32g0xx_hal_tim.o
    0x00005052   0x00000004   Code   RO          420    i.HardFault_Handler  stm32g0xx_it.o
    0x00005056   0x00000002   PAD
    0x00005058   0x00000058   Code   RO         1004    i.HostWarnCtrl      warnctrl.o
    0x000050b0   0x000000d0   Code   RO           95    i.InitIED           main.o
    0x00005180   0x00000014   Code   RO         1117    i.InitInvert        dc2ac.o
    0x00005194   0x0000001c   Code   RO          669    i.InitKey           ctrl.o
    0x000051b0   0x0000004c   Code   RO          670    i.LEDALLOFF         ctrl.o
    0x000051fc   0x00000054   Code   RO          671    i.LEDALLON          ctrl.o
    0x00005250   0x00000010   Code   RO         1405    i.LL_ADC_Disable    stm32g0xx_hal_adc.o
    0x00005260   0x00000010   Code   RO         1406    i.LL_ADC_Enable     stm32g0xx_hal_adc.o
    0x00005270   0x0000000c   Code   RO         1407    i.LL_ADC_GetCommonPathInternalCh  stm32g0xx_hal_adc.o
    0x0000527c   0x0000000c   Code   RO         1408    i.LL_ADC_IsDisableOngoing  stm32g0xx_hal_adc.o
    0x00005288   0x00000010   Code   RO         1409    i.LL_ADC_IsEnabled  stm32g0xx_hal_adc.o
    0x00005298   0x00000010   Code   RO         1629    i.LL_ADC_IsEnabled  stm32g0xx_hal_adc_ex.o
    0x000052a8   0x0000000e   Code   RO         1410    i.LL_ADC_IsInternalRegulatorEnabled  stm32g0xx_hal_adc.o
    0x000052b6   0x0000000c   Code   RO         1411    i.LL_ADC_REG_IsConversionOngoing  stm32g0xx_hal_adc.o
    0x000052c2   0x00000016   Code   RO         1412    i.LL_ADC_REG_IsTriggerSourceSWStart  stm32g0xx_hal_adc.o
    0x000052d8   0x00000010   Code   RO         1413    i.LL_ADC_REG_StartConversion  stm32g0xx_hal_adc.o
    0x000052e8   0x0000000e   Code   RO         1415    i.LL_ADC_SetCommonPathInternalCh  stm32g0xx_hal_adc.o
    0x000052f6   0x0000001e   Code   RO         1416    i.LL_ADC_SetSamplingTimeCommonChannels  stm32g0xx_hal_adc.o
    0x00005314   0x00000010   Code   RO          672    i.LoadOverRollTime  ctrl.o
    0x00005324   0x0000013c   Code   RO          330    i.MX_ADC1_Init      adc.o
    0x00005460   0x00000034   Code   RO          368    i.MX_DMA_Init       dma.o
    0x00005494   0x0000019c   Code   RO          302    i.MX_GPIO_Init      gpio.o
    0x00005630   0x00000030   Code   RO          390    i.MX_IWDG_Init      iwdg.o
    0x00005660   0x0000007c   Code   RO           96    i.MX_TIM3_Init      main.o
    0x000056dc   0x000000e0   Code   RO          673    i.ManualCtrl        ctrl.o
    0x000057bc   0x00000018   Code   RO          674    i.MidWait           ctrl.o
    0x000057d4   0x0000001c   Code   RO          675    i.MotorDelay        ctrl.o
    0x000057f0   0x00000018   Code   RO          676    i.MotorDown         ctrl.o
    0x00005808   0x00000018   Code   RO          678    i.MotorMid          ctrl.o
    0x00005820   0x00000018   Code   RO          679    i.MotorUp           ctrl.o
    0x00005838   0x00000220   Code   RO          680    i.MovMotor          ctrl.o
    0x00005a58   0x00000010   Code   RO          681    i.MuteError         ctrl.o
    0x00005a68   0x0000000c   Code   RO         1005    i.MuteRun           warnctrl.o
    0x00005a74   0x00000010   Code   RO         1006    i.MuteWarning       warnctrl.o
    0x00005a84   0x00000004   Code   RO          421    i.NMI_Handler       stm32g0xx_it.o
    0x00005a88   0x00000002   Code   RO          422    i.PendSV_Handler    stm32g0xx_it.o
    0x00005a8a   0x00000010   Code   RO          684    i.ResumeCheckSensor  ctrl.o
    0x00005a9a   0x00000002   PAD
    0x00005a9c   0x00000020   Code   RO         1118    i.ResumeMotorRun    dc2ac.o
    0x00005abc   0x00000020   Code   RO         1284    i.STMFLASH_Read     eeprom.o
    0x00005adc   0x00000006   Code   RO         1285    i.STMFLASH_ReadWord  eeprom.o
    0x00005ae2   0x00000002   PAD
    0x00005ae4   0x000000c0   Code   RO         1286    i.STMFLASH_Write    eeprom.o
    0x00005ba4   0x00000002   Code   RO          423    i.SVC_Handler       stm32g0xx_it.o
    0x00005ba6   0x00000002   PAD
    0x00005ba8   0x00000034   Code   RO         1007    i.SaveLifeCtrl      warnctrl.o
    0x00005bdc   0x00000034   Code   RO          685    i.SelfTest          ctrl.o
    0x00005c10   0x00000058   Code   RO          686    i.SetLock           ctrl.o
    0x00005c68   0x00000014   Code   RO         1009    i.SetMidWait        warnctrl.o
    0x00005c7c   0x00000030   Code   RO          515    i.SetTaskLastTime   task.o
    0x00005cac   0x00000038   Code   RO         1119    i.StartCheckBrake   dc2ac.o
    0x00005ce4   0x0000005c   Code   RO          516    i.StartTimer        task.o
    0x00005d40   0x00000034   Code   RO          517    i.StartTimer2       task.o
    0x00005d74   0x00000018   Code   RO          688    i.StartWarning      ctrl.o
    0x00005d8c   0x0000001c   Code   RO         1122    i.StopDC2ACConvert  dc2ac.o
    0x00005da8   0x00000014   Code   RO         1123    i.StopInvert        dc2ac.o
    0x00005dbc   0x00000080   Code   RO          689    i.StopMotor         ctrl.o
    0x00005e3c   0x00000034   Code   RO          519    i.StopTimer         task.o
    0x00005e70   0x0000001c   Code   RO          690    i.StopWarning       ctrl.o
    0x00005e8c   0x00000030   Code   RO          520    i.SuspendTask       task.o
    0x00005ebc   0x0000009c   Code   RO           97    i.SystemClock_Config  main.o
    0x00005f58   0x00000002   Code   RO         3916    i.SystemInit        system_stm32g0xx.o
    0x00005f5a   0x00000002   PAD
    0x00005f5c   0x00000010   Code   RO          424    i.TIM3_IRQHandler   stm32g0xx_it.o
    0x00005f6c   0x00000090   Code   RO         2984    i.TIM_Base_SetConfig  stm32g0xx_hal_tim.o
    0x00005ffc   0x0000001c   Code   RO         2995    i.TIM_ETR_SetConfig  stm32g0xx_hal_tim.o
    0x00006018   0x00000018   Code   RO         2996    i.TIM_ITRx_SetConfig  stm32g0xx_hal_tim.o
    0x00006030   0x00000032   Code   RO         3004    i.TIM_TI1_ConfigInputStage  stm32g0xx_hal_tim.o
    0x00006062   0x00000032   Code   RO         3006    i.TIM_TI2_ConfigInputStage  stm32g0xx_hal_tim.o
    0x00006094   0x00000058   Code   RO          521    i.TaskBlinLed       task.o
    0x000060ec   0x000000a0   Code   RO         1124    i.TaskChargeBat     dc2ac.o
    0x0000618c   0x00000002   Code   RO         1125    i.TaskCheckBrakeCoil  dc2ac.o
    0x0000618e   0x00000002   PAD
    0x00006190   0x00000078   Code   RO          691    i.TaskCheckHeatErr  ctrl.o
    0x00006208   0x000002c4   Code   RO         1126    i.TaskCheckSensor   dc2ac.o
    0x000064cc   0x00000074   Code   RO         1127    i.TaskCommand       dc2ac.o
    0x00006540   0x000000e4   Code   RO          522    i.TaskProc          task.o
    0x00006624   0x000002c8   Code   RO          961    i.TaskScanKey       key.o
    0x000068ec   0x00000064   Code   RO          692    i.TaskSelfTestLED   ctrl.o
    0x00006950   0x00000208   Code   RO          693    i.TaskStateCheck    ctrl.o
    0x00006b58   0x0000017c   Code   RO          694    i.TaskStopMotor     ctrl.o
    0x00006cd4   0x00000074   Code   RO          524    i.TaskTimer         task.o
    0x00006d48   0x0000005c   Code   RO          695    i.TaskWarn          ctrl.o
    0x00006da4   0x000000dc   Code   RO          525    i.Task_Anjian_Check  task.o
    0x00006e80   0x00000060   Code   RO         1128    i.Task_Power_Check  dc2ac.o
    0x00006ee0   0x00000010   Code   RO          696    i.Task_WDT          ctrl.o
    0x00006ef0   0x00000002   Code   RO          697    i.WriteALLLED       ctrl.o
    0x00006ef2   0x00000002   Code   RO          698    i.WriteLEDInfo      ctrl.o
    0x00006ef4   0x0000001c   Code   RO          647    i.__ARM_common_switch8  task.o
    0x00006f10   0x00000078   Code   RO         2497    i.__NVIC_SetPriority  stm32g0xx_hal_cortex.o
    0x00006f88   0x0000002c   Code   RO           13    i.__armlib_thread_safety_init  armlib_lock_glue.o
    0x00006fb4   0x00000040   Code   RO           14    i._mutex_acquire    armlib_lock_glue.o
    0x00006ff4   0x00000040   Code   RO           15    i._mutex_free       armlib_lock_glue.o
    0x00007034   0x00000070   Code   RO           16    i._mutex_initialize  armlib_lock_glue.o
    0x000070a4   0x00000040   Code   RO           17    i._mutex_release    armlib_lock_glue.o
    0x000070e4   0x0000001c   Code   RO          700    i.checkUserMode     ctrl.o
    0x00007100   0x00000002   Code   RO          526    i.idle              task.o
    0x00007102   0x00000002   PAD
    0x00007104   0x00000020   Code   RO          701    i.jiance_vol_set    ctrl.o
    0x00007124   0x0000012c   Code   RO           98    i.main              main.o
    0x00007250   0x00000028   Code   RO          702    i.run_vol_set       ctrl.o
    0x00007278   0x0000007c   Code   RO          527    i.send_data         task.o
    0x000072f4   0x00000074   Code   RO          703    i.setDIR            ctrl.o
    0x00007368   0x00000060   Code   RO           18    i.stm32_lock_acquire  armlib_lock_glue.o
    0x000073c8   0x00000038   Code   RO           19    i.stm32_lock_release  armlib_lock_glue.o
    0x00007400   0x00000064   Code   RO         3977    x$fpl$dleqf         fz_ps.l(dlef.o)
    0x00007464   0x00000068   Code   RO         3981    x$fpl$drleqf        fz_ps.l(drlef.o)
    0x000074cc   0x00000054   Code   RO         3988    x$fpl$fleqf         fz_ps.l(flef.o)
    0x00007520   0x000000b0   Code   RO         3990    x$fpl$fmul          fz_ps.l(fmul.o)
    0x000075d0   0x00000000   Code   RO         4046    x$fpl$usenofp       fz_ps.l(usenofp.o)
    0x000075d0   0x00000040   Data   RO         1130    .constdata          dc2ac.o
    0x00007610   0x00000068   Data   RO         3917    .constdata          system_stm32g0xx.o
    0x00007678   0x00000080   Data   RO         3971    .constdata          fz_ps.l(ddiv.o)
    0x000076f8   0x00000040   Data   RO         3984    .constdata          fz_ps.l(fdiv.o)
    0x00007738   0x00000020   Data   RO         4169    Region$$Table       anon$$obj.o
    0x00007758   0x00000004   Data   RO           22    .init_array         armlib_lock_glue.o
    0x0000775c   0x00000000   Data   RO         3963    .init_array         c_p.l(init_aeabi.o)


    Execution Region RW_IRAM1 (Base: 0x20000000, Size: 0x00000ba8, Max: 0x00020000, ABSOLUTE, COMPRESSED[0x000000b4])

    Base Addr    Size         Type   Attr      Idx    E Section Name        Object

    0x20000000   0x00000002   Data   RW           21    .data               armlib_lock_glue.o
    0x20000002   0x00000002   PAD
    0x20000004   0x0000000e   Data   RW          101    .data               main.o
    0x20000012   0x00000002   PAD
    0x20000014   0x0000013f   Data   RW          530    .data               task.o
    0x20000153   0x00000001   PAD
    0x20000154   0x00000078   Data   RW          706    .data               ctrl.o
    0x200001cc   0x00000004   Data   RW          964    .data               key.o
    0x200001d0   0x00000006   Data   RW         1011    .data               warnctrl.o
    0x200001d6   0x00000002   PAD
    0x200001d8   0x00000012   Data   RW         1131    .data               dc2ac.o
    0x200001ea   0x00000002   PAD
    0x200001ec   0x00000009   Data   RW         2626    .data               stm32g0xx_hal.o
    0x200001f5   0x00000003   PAD
    0x200001f8   0x00000004   Data   RW         3918    .data               system_stm32g0xx.o
    0x200001fc   0x00000018   Zero   RW           20    .bss                armlib_lock_glue.o
    0x20000214   0x0000005c   Zero   RW           99    .bss                main.o
    0x20000270   0x000000dc   Zero   RW          331    .bss                adc.o
    0x2000034c   0x00000010   Zero   RW          391    .bss                iwdg.o
    0x2000035c   0x000000c0   Zero   RW          528    .bss                task.o
    0x2000041c   0x000000a0   Zero   RW          704    .bss                ctrl.o
    0x200004bc   0x00000030   Zero   RW          962    .bss                key.o
    0x200004ec   0x00000004   PAD
    0x200004f0   0x00000038   Zero   RW         1129    .bss                dc2ac.o
    0x20000528   0x0000001c   Zero   RW         1874    .bss                stm32g0xx_hal_flash.o
    0x20000544   0x00000060   Zero   RW         4098    .bss                c_p.l(libspace.o)
    0x200005a4   0x00000004   PAD
    0x200005a8   0x00000200   Zero   RW            2    HEAP                startup_stm32g030xx.o
    0x200007a8   0x00000400   Zero   RW            1    STACK               startup_stm32g030xx.o


==============================================================================

Image component sizes


      Code (inc. data)   RO Data    RW Data    ZI Data      Debug   Object Name

       520         52          0          0        220       2002   adc.o
       500         32          4          2         24      12666   armlib_lock_glue.o
      5868        554          0        120        160      38545   ctrl.o
      1550        180         64         18         56       9740   dc2ac.o
        52          4          0          0          0        718   dma.o
       306         16          0          0          0       3500   eeprom.o
       412         38          0          0          0       1075   gpio.o
        48         14          0          0         16        679   iwdg.o
       800         46          0          4         48       2701   key.o
      1016        124          0         14         92     404953   main.o
        56         26        192          0       1536        624   startup_stm32g030xx.o
       220         38          0          9          0      15953   stm32g0xx_hal.o
      2634        120          0          0          0      46421   stm32g0xx_hal_adc.o
       216          6          0          0          0      33562   stm32g0xx_hal_adc_ex.o
       230         26          0          0          0      12037   stm32g0xx_hal_cortex.o
       852         30          0          0          0       4431   stm32g0xx_hal_dma.o
       448         50          0          0         28      16210   stm32g0xx_hal_flash.o
       204         18          0          0          0       2238   stm32g0xx_hal_flash_ex.o
       502         18          0          0          0       2527   stm32g0xx_hal_gpio.o
       140         18          0          0          0       1795   stm32g0xx_hal_iwdg.o
        68          4          0          0          0        806   stm32g0xx_hal_msp.o
        88         12          0          0          0        726   stm32g0xx_hal_pwr_ex.o
      2156         82          0          0          0       4216   stm32g0xx_hal_rcc.o
       488         14          0          0          0       1556   stm32g0xx_hal_rcc_ex.o
      1296         50          0          0          0       8883   stm32g0xx_hal_tim.o
       146          8          0          0          0       2888   stm32g0xx_hal_tim_ex.o
        44         12          0          0          0       2550   stm32g0xx_it.o
         2          0        104          4          0       1115   system_stm32g0xx.o
      1624        154          0        319        192      12690   task.o
       208         14          0          0          0        983   tim.o
      2350        162          0          6          0       6639   warnctrl.o

    ----------------------------------------------------------------------
     25072       1922        396        508       2376     655429   Object Totals
         0          0         32          0          0          0   (incl. Generated)
        28          0          0         12          4          0   (incl. Padding)

    ----------------------------------------------------------------------

      Code (inc. data)   RO Data    RW Data    ZI Data      Debug   Library Member Name

        86          0          0          0          0          0   __dczerorl2.o
         8          0          0          0          0         68   __main.o
         0          0          0          0          0          0   __rtentry.o
        12          0          0          0          0          0   __rtentry2.o
         6          0          0          0          0          0   __rtentry4.o
        60          8          0          0          0          0   __scatter.o
        28          0          0          0          0          0   __scatter_zi.o
       346          0          0          0          0         92   aeabi_sdiv.o
        12          0          0          0          0         64   exit.o
         6          0          0          0          0        136   heapauxi.o
         0          0          0          0          0          0   indicate_semi.o
        36         10          0          0          0         72   init_aeabi.o
         2          0          0          0          0          0   libinit.o
         6          0          0          0          0          0   libinit2.o
         2          0          0          0          0          0   libshutdown.o
         2          0          0          0          0          0   libshutdown2.o
         8          4          0          0         96         68   libspace.o
        64          0          0          0          0        108   rt_memclr.o
        56          0          0          0          0         68   rt_memcpy.o
         2          0          0          0          0          0   rtexit.o
        10          0          0          0          0          0   rtexit2.o
        12          4          0          0          0         60   sys_exit.o
        62          0          0          0          0         80   sys_stackheap_outer.o
         2          0          0          0          0         68   use_no_semi.o
        48          4          0          0          0         60   cmpret.o
       856         20          0          0          0        208   daddsub.o
       144          4          0          0          0         76   dcmpin.o
      1096         26        128          0          0        112   ddiv.o
       108         10          0          0          0         72   dfixi.o
        88          0          0          0          0         92   dflti.o
       100          4          0          0          0         92   dlef.o
       584         26          0          0          0         84   dmul.o
        20          6          0          0          0         68   dnan2.o
       104          4          0          0          0        104   drlef.o
       100          4          0          0          0         68   fcmpin.o
       352         10         64          0          0         92   fdiv.o
        94          0          0          0          0         92   fflti.o
        84          4          0          0          0         76   flef.o
       176          4          0          0          0         80   fmul.o
        16          6          0          0          0         68   fnan2.o
        94          0          0          0          0         68   retnan.o
         0          0          0          0          0          0   usenofp.o

    ----------------------------------------------------------------------
      4896        158        192          0        100       2396   Library Totals
         4          0          0          0          4          0   (incl. Padding)

    ----------------------------------------------------------------------

      Code (inc. data)   RO Data    RW Data    ZI Data      Debug   Library Name

       828         26          0          0         96        884   c_p.l
      4064        132        192          0          0       1512   fz_ps.l

    ----------------------------------------------------------------------
      4896        158        192          0        100       2396   Library Totals

    ----------------------------------------------------------------------

==============================================================================


      Code (inc. data)   RO Data    RW Data    ZI Data      Debug   

     29968       2080        588        508       2476     648449   Grand Totals
     29968       2080        588        180       2476     648449   ELF Image Totals (compressed)
     29968       2080        588        180          0          0   ROM Totals

==============================================================================

    Total RO  Size (Code + RO Data)                30556 (  29.84kB)
    Total RW  Size (RW Data + ZI Data)              2984 (   2.91kB)
    Total ROM Size (Code + RO Data + RW Data)      30736 (  30.02kB)

==============================================================================

